/data/gpfs/projects/punim2780/NPE-light/TEIVR_Results/particle-filter-example-tiv_covid/venv-npe/lib64/python3.9/site-packages/sbi/utils/torchutils.py:27: UserWarning: GPU was selected as a device for training the neural network. Note that we expect no significant speed ups in training for the default architectures we provide. Using the GPU will be effective only for large neural networks with operations that are fast on the GPU, e.g., for a CNN or RNN `embedding_net`.
  warnings.warn(
/data/gpfs/projects/punim2780/NPE-light/TEIVR_Results/particle-filter-example-tiv_covid/venv-npe/lib64/python3.9/site-packages/sbi/utils/user_input_checks.py:720: UserWarning: Data x has device 'cpu'.Moving x to the data_device 'cuda:0'.Training will proceed on device 'cuda:0'.
  warnings.warn(
/data/gpfs/projects/punim2780/NPE-light/TEIVR_Results/particle-filter-example-tiv_covid/venv-npe/lib64/python3.9/site-packages/sbi/utils/user_input_checks.py:728: UserWarning: Parameters theta has device 'cpu'. Moving theta to the data_device 'cuda:0'.Training will proceed on device 'cuda:0'.
  warnings.warn(
/data/gpfs/projects/punim2780/NPE-light/TEIVR_Results/particle-filter-example-tiv_covid/venv-npe/lib64/python3.9/site-packages/sbi/utils/torchutils.py:27: UserWarning: GPU was selected as a device for training the neural network. Note that we expect no significant speed ups in training for the default architectures we provide. Using the GPU will be effective only for large neural networks with operations that are fast on the GPU, e.g., for a CNN or RNN `embedding_net`.
  warnings.warn(

real	1m26.742s
user	1m23.936s
sys	0m1.487s
Drawing 10000 posterior samples:   0%|          | 0/10000 [00:00<?, ?it/s]/data/gpfs/projects/punim2780/NPE-light/TEIVR_Results/particle-filter-example-tiv_covid/venv-npe/lib64/python3.9/site-packages/nflows/transforms/lu.py:80: UserWarning: torch.triangular_solve is deprecated in favor of torch.linalg.solve_triangularand will be removed in a future PyTorch release.
torch.linalg.solve_triangular has its arguments reversed and does not return a copy of one of the inputs.
X = torch.triangular_solve(B, A).solution
should be replaced with
X = torch.linalg.solve_triangular(A, B). (Triggered internally at ../aten/src/ATen/native/BatchLinearAlgebra.cpp:2192.)
  outputs, _ = torch.triangular_solve(
Drawing 10000 posterior samples:  94%|█████████▍| 9429/10000 [00:00<00:00, 14868.49it/s]Drawing 10000 posterior samples: 10282it [00:00, 15904.34it/s]                          
Drawing 10000 posterior samples:   0%|          | 0/10000 [00:00<?, ?it/s]Drawing 10000 posterior samples: 10262it [00:00, 383946.58it/s]           
Drawing 10000 posterior samples:   0%|          | 0/10000 [00:00<?, ?it/s]Drawing 10000 posterior samples: 10102it [00:00, 391156.54it/s]           
Drawing 10000 posterior samples:   0%|          | 0/10000 [00:00<?, ?it/s]Drawing 10000 posterior samples: 10268it [00:00, 392021.71it/s]           
Drawing 10000 posterior samples:   0%|          | 0/10000 [00:00<?, ?it/s]Drawing 10000 posterior samples: 10263it [00:00, 389040.30it/s]           
Drawing 10000 posterior samples:   0%|          | 0/10000 [00:00<?, ?it/s]Drawing 10000 posterior samples: 10192it [00:00, 388465.94it/s]           

real	0m10.535s
user	0m8.394s
sys	0m1.620s
