2025-11-05 09:01:32,233 - __main__ - INFO - ============================================================
2025-11-05 09:01:32,233 - __main__ - INFO - COVID TIV Posterior Predictive Simulation
2025-11-05 09:01:32,234 - __main__ - INFO - ============================================================
2025-11-05 09:01:32,234 - __main__ - INFO - Posterior run: results/npe/20250103_existing_primary
2025-11-05 09:01:32,234 - __main__ - INFO - Output directory: results/posterior_predictive/20251105_090132
2025-11-05 09:01:32,234 - __main__ - INFO - Configuration: config/cli-refractory-tiv-jsf.toml
2025-11-05 09:01:32,234 - __main__ - INFO - pypfilt config: config/cli-refractory-tiv-jsf.toml
2025-11-05 09:01:32,234 - __main__ - INFO - Number of samples: 5
2025-11-05 09:01:32,234 - __main__ - INFO - Particles per filter: 5
2025-11-05 09:01:32,234 - __main__ - INFO - Prediction horizon: 14 days
2025-11-05 09:01:32,234 - __main__ - INFO - Random seed: 42
2025-11-05 09:01:32,234 - __main__ - INFO - Parallel workers: 8
2025-11-05 09:01:32,235 - __main__ - INFO - Auto-detected 6 patients: ['432192', '443108', '444332', '444391', '445602', '451152']
2025-11-05 09:01:32,235 - __main__ - INFO - 
============================================================
2025-11-05 09:01:32,235 - __main__ - INFO - Processing patient: 432192
2025-11-05 09:01:32,235 - __main__ - INFO - ============================================================
2025-11-05 09:01:32,235 - __main__ - INFO - Loading posterior and sampling 5 parameter sets
2025-11-05 09:01:32,235 - src.posterior_predictive - INFO - Loading posterior from results/npe/20250103_existing_primary/models/posterior_N10000.pkl
2025-11-05 09:01:33,813 - arviz.preview - INFO - arviz_base not installed
2025-11-05 09:01:33,813 - arviz.preview - INFO - arviz_stats not installed
2025-11-05 09:01:33,814 - arviz.preview - INFO - arviz_plots not installed
2025-11-05 09:01:33,894 - src.posterior_predictive - INFO - Sampling 5 parameter sets from posterior
2025-11-05 09:01:33,904 - __main__ - INFO - Observation horizon: T=14.0 days
2025-11-05 09:01:33,904 - __main__ - INFO - Prediction horizon: H=14 days beyond observations
2025-11-05 09:01:33,905 - __main__ - INFO - Processing 5 samples with 5 particles each
2025-11-05 09:01:33,905 - __main__ - INFO - Using parallel processing with 8 workers
2025-11-05 09:01:33,973 - __main__ - INFO - Sample 3: Running particle filter
2025-11-05 09:01:33,973 - __main__ - INFO - Sample 2: Running particle filter
2025-11-05 09:01:33,973 - __main__ - INFO - Sample 1: Running particle filter
2025-11-05 09:01:33,973 - __main__ - INFO - Sample 4: Running particle filter
2025-11-05 09:01:33,973 - __main__ - INFO - Sample 0: Running particle filter
2025-11-05 09:01:33,992 - pypfilt - INFO -   09:01:33  Estimating  from 0.0 to 14.0
2025-11-05 09:01:33,992 - pypfilt - INFO -   09:01:33  Estimating  from 0.0 to 14.0
2025-11-05 09:01:33,992 - pypfilt - INFO -   09:01:33  Estimating  from 0.0 to 14.0
2025-11-05 09:01:33,992 - pypfilt - INFO -   09:01:33  Estimating  from 0.0 to 14.0
2025-11-05 09:01:33,993 - pypfilt - INFO -   09:01:33  Estimating  from 0.0 to 14.0
2025-11-05 09:01:37,766 - pypfilt.resample - WARNING - Post-RPF Cholesky decomposition: Matrix is not positive definite
2025-11-05 09:01:37,766 - pypfilt.resample - WARNING - Post-RPF parameters: lnV0, beta, phi, rho, delta, pi
2025-11-05 09:01:37,766 - pypfilt.resample - WARNING - Minimum values: [6.72318902e-02 3.15891590e+00 2.49790332e+00 7.00802654e-02
 1.11168723e+00 2.20653315e+02]
2025-11-05 09:01:37,766 - pypfilt.resample - WARNING - Maximum values: [  4.25095322  16.26779116  12.47232573   0.86292134  10.20706639
 533.59201554]
2025-11-05 09:01:37,766 - pypfilt.resample - WARNING - Mean values:    [  2.29680684   9.61654513   7.32157576   0.49866606   5.97881632
 384.45919648]
2025-11-05 09:01:37,766 - pypfilt.resample - WARNING - Covariance matrix:
      [[ 3.72241676e+00 -7.52513401e+00  7.88182364e+00  1.48392269e-01
         3.49671082e+00  8.18940697e+01]
       [-7.52513401e+00  2.56675850e+01 -2.40703513e+01  1.70387010e-01
        -9.30445126e+00  4.12764540e+01]
       [ 7.88182364e+00 -2.40703513e+01  2.31855054e+01  1.31112392e-02
         1.03202735e+01  3.33248279e+01]
       [ 1.48392269e-01  1.70387010e-01  1.31112392e-02  5.64605222e-02
         5.43165454e-01  2.24439265e+01]
       [ 3.49671082e+00 -9.30445126e+00  1.03202735e+01  5.43165454e-01
         1.26027163e+01  1.99361155e+02]
       [ 8.18940697e+01  4.12764540e+01  3.33248279e+01  2.24439265e+01
         1.99361155e+02  9.25509534e+03]]
2025-11-05 09:01:42,617 - pypfilt.resample - WARNING - Post-RPF Cholesky decomposition: Matrix is not positive definite
2025-11-05 09:01:42,617 - pypfilt.resample - WARNING - Post-RPF parameters: lnV0, beta, phi, rho, delta, pi
2025-11-05 09:01:42,617 - pypfilt.resample - WARNING - Minimum values: [7.21553093e-01 3.01062053e-01 2.24827075e+00 1.09598073e-01
 2.73747170e+00 2.70189256e+02]
2025-11-05 09:01:42,617 - pypfilt.resample - WARNING - Maximum values: [  4.85206436  19.71808947  13.96831493   0.99780428   9.13269283
 570.18398964]
2025-11-05 09:01:42,617 - pypfilt.resample - WARNING - Mean values:    [  2.68727238  10.48734261   7.6649614    0.51134292   5.90086415
 419.21101976]
2025-11-05 09:01:42,618 - pypfilt.resample - WARNING - Covariance matrix:
      [[ 4.22494976e+00  1.09328866e+01  8.72368202e+00 -2.49045686e-01
         1.25465793e+00 -1.57682390e+02]
       [ 1.09328866e+01  2.84972512e+01  2.34994994e+01 -6.21056016e-01
         2.89395952e+00 -3.86079532e+02]
       [ 8.72368202e+00  2.34994994e+01  2.68311870e+01 -2.53565887e-01
        -1.01714919e+00 -9.87548701e+01]
       [-2.49045686e-01 -6.21056016e-01 -2.53565887e-01  2.26204329e-02
        -1.80636208e-01  1.60669837e+01]
       [ 1.25465793e+00  2.89395952e+00 -1.01714919e+00 -1.80636208e-01
         1.86340099e+00 -1.40053967e+02]
       [-1.57682390e+02 -3.86079532e+02 -9.87548701e+01  1.60669837e+01
        -1.40053967e+02  1.17505705e+04]]
2025-11-05 09:02:09,769 - pypfilt.resample - WARNING - Post-RPF Cholesky decomposition: Matrix is not positive definite
2025-11-05 09:02:09,769 - pypfilt.resample - WARNING - Post-RPF parameters: lnV0, beta, phi, rho, delta, pi
2025-11-05 09:02:09,769 - pypfilt.resample - WARNING - Minimum values: [2.46186895e-01 2.54051465e+00 1.86636428e+00 1.46257812e-01
 1.89343442e+00 2.65430277e+02]
2025-11-05 09:02:09,769 - pypfilt.resample - WARNING - Maximum values: [  4.08088209  17.31302921  12.92705913   0.88175062  10.69404176
 574.28927517]
2025-11-05 09:02:09,770 - pypfilt.resample - WARNING - Mean values:    [  2.45698667  10.30281936   7.93806667   0.4742918    6.23933118
 419.3258669 ]
2025-11-05 09:02:09,770 - pypfilt.resample - WARNING - Covariance matrix:
      [[7.35240917e+00 1.23776503e+01 4.18317768e+00 1.41019003e+00
        1.22888387e+01 2.33586237e+02]
       [1.23776503e+01 2.08376538e+01 7.04225010e+00 2.37402427e+00
        2.06881204e+01 3.93236162e+02]
       [4.18317768e+00 7.04225010e+00 2.38006361e+00 8.02335432e-01
        6.99173194e+00 1.32900848e+02]
       [1.41019003e+00 2.37402427e+00 8.02335432e-01 2.70474371e-01
        2.35699140e+00 4.48018950e+01]
       [1.22888387e+01 2.06881204e+01 6.99173194e+00 2.35699140e+00
        2.05396642e+01 3.90415057e+02]
       [2.33586237e+02 3.93236162e+02 1.32900848e+02 4.48018950e+01
        3.90415057e+02 7.42108636e+03]]
2025-11-05 09:02:17,281 - pypfilt.resample - WARNING - Post-RPF Cholesky decomposition: Matrix is not positive definite
2025-11-05 09:02:17,281 - pypfilt.resample - WARNING - Post-RPF parameters: lnV0, beta, phi, rho, delta, pi
2025-11-05 09:02:17,282 - pypfilt.resample - WARNING - Minimum values: [3.70459706e-01 2.65940343e+00 1.41328862e+00 8.73434778e-02
 2.11406430e+00 2.07203829e+02]
2025-11-05 09:02:17,282 - pypfilt.resample - WARNING - Maximum values: [  4.46955581  18.27496478  14.29499657   0.88170573  10.32383303
 556.95017842]
2025-11-05 09:02:17,282 - pypfilt.resample - WARNING - Mean values:    [  2.46456439  10.54272179   7.86267147   0.47776206   6.18430167
 383.3322927 ]
2025-11-05 09:02:17,282 - pypfilt.resample - WARNING - Covariance matrix:
      [[ 8.19308102e-01 -2.84134053e+00  2.17028181e+00  7.10607612e-02
         1.43316293e+00  6.65953927e+01]
       [-2.84134053e+00  9.85369971e+00 -7.52648444e+00 -2.46436988e-01
        -4.97017410e+00 -2.30951199e+02]
       [ 2.17028181e+00 -7.52648444e+00  5.74890342e+00  1.88234288e-01
         3.79633428e+00  1.76405883e+02]
       [ 7.10607612e-02 -2.46436988e-01  1.88234288e-01  6.16328798e-03
         1.24302016e-01  5.77599475e+00]
       [ 1.43316293e+00 -4.97017410e+00  3.79633428e+00  1.24302016e-01
         2.50693966e+00  1.16491034e+02]
       [ 6.65953927e+01 -2.30951199e+02  1.76405883e+02  5.77599475e+00
         1.16491034e+02  5.41303853e+03]]
2025-11-05 09:02:20,304 - pypfilt - INFO -   09:02:20  Forecasting from 14.0 to 21.0
2025-11-05 09:02:25,300 - pypfilt - INFO -   09:02:25  Forecasting from 14.0 to 21.0
2025-11-05 09:02:26,888 - pypfilt - INFO -   09:02:26  Forecasting from 14.0 to 21.0
2025-11-05 09:02:35,882 - pypfilt - INFO -   09:02:35  Forecasting from 14.0 to 21.0
2025-11-05 09:02:37,612 - pypfilt - INFO -   09:02:37  Forecasting from 14.0 to 21.0
2025-11-05 09:02:42,243 - __main__ - ERROR - Sample 1: Failed with error: Snapshot time is 21.0, but expected 0.0
2025-11-05 09:02:47,287 - __main__ - ERROR - Sample 4: Failed with error: Snapshot time is 21.0, but expected 0.0
2025-11-05 09:02:48,690 - __main__ - ERROR - Sample 0: Failed with error: Snapshot time is 21.0, but expected 0.0
2025-11-05 09:02:58,180 - __main__ - ERROR - Sample 2: Failed with error: Snapshot time is 21.0, but expected 0.0
2025-11-05 09:02:59,374 - __main__ - ERROR - Sample 3: Failed with error: Snapshot time is 21.0, but expected 0.0
2025-11-05 09:02:59,391 - __main__ - WARNING - 5/5 samples failed
2025-11-05 09:02:59,391 - __main__ - INFO - Saving results to results/posterior_predictive/20251105_090132/432192
2025-11-05 09:02:59,660 - __main__ - ERROR - Failed to process patient 432192: 'median'
Traceback (most recent call last):
  File "/fred/oz022/tkimpson/sandbox/TEIVR/JSFGermano2024/TEIVR_Results/particle-filter-example-tiv_covid/COVID_TEIVR_Predict.py", line 421, in main
    process_patient(
  File "/fred/oz022/tkimpson/sandbox/TEIVR/JSFGermano2024/TEIVR_Results/particle-filter-example-tiv_covid/COVID_TEIVR_Predict.py", line 270, in process_patient
    pp.save_predictions(
  File "/fred/oz022/tkimpson/sandbox/TEIVR/JSFGermano2024/TEIVR_Results/particle-filter-example-tiv_covid/src/posterior_predictive.py", line 616, in save_predictions
    median_acc[i] = stats['median']
KeyError: 'median'
2025-11-05 09:02:59,661 - __main__ - INFO - 
============================================================
2025-11-05 09:02:59,661 - __main__ - INFO - Processing patient: 443108
2025-11-05 09:02:59,661 - __main__ - INFO - ============================================================
2025-11-05 09:02:59,661 - __main__ - INFO - Loading posterior and sampling 5 parameter sets
2025-11-05 09:02:59,662 - src.posterior_predictive - INFO - Loading posterior from results/npe/20250103_existing_primary/models/posterior_N10000.pkl
2025-11-05 09:02:59,676 - src.posterior_predictive - INFO - Sampling 5 parameter sets from posterior
2025-11-05 09:02:59,689 - __main__ - INFO - Observation horizon: T=14.0 days
2025-11-05 09:02:59,689 - __main__ - INFO - Prediction horizon: H=14 days beyond observations
2025-11-05 09:02:59,690 - __main__ - INFO - Processing 5 samples with 5 particles each
2025-11-05 09:02:59,690 - __main__ - INFO - Using parallel processing with 8 workers
2025-11-05 09:02:59,760 - __main__ - INFO - Sample 3: Running particle filter
2025-11-05 09:02:59,760 - __main__ - INFO - Sample 1: Running particle filter
2025-11-05 09:02:59,760 - __main__ - INFO - Sample 2: Running particle filter
2025-11-05 09:02:59,761 - __main__ - INFO - Sample 0: Running particle filter
2025-11-05 09:02:59,761 - __main__ - INFO - Sample 4: Running particle filter
2025-11-05 09:02:59,777 - pypfilt - INFO -   09:02:59  Estimating  from 0.0 to 14.0
2025-11-05 09:02:59,778 - pypfilt - INFO -   09:02:59  Estimating  from 0.0 to 14.0
2025-11-05 09:02:59,778 - pypfilt - INFO -   09:02:59  Estimating  from 0.0 to 14.0
2025-11-05 09:02:59,778 - pypfilt - INFO -   09:02:59  Estimating  from 0.0 to 14.0
2025-11-05 09:02:59,779 - pypfilt - INFO -   09:02:59  Estimating  from 0.0 to 14.0
2025-11-05 09:03:03,960 - pypfilt.resample - WARNING - Post-RPF Cholesky decomposition: Matrix is not positive definite
2025-11-05 09:03:03,961 - pypfilt.resample - WARNING - Post-RPF parameters: lnV0, beta, phi, rho, delta, pi
2025-11-05 09:03:03,961 - pypfilt.resample - WARNING - Minimum values: [6.72318902e-02 3.15891590e+00 2.49790332e+00 7.00802654e-02
 1.11168723e+00 2.20653315e+02]
2025-11-05 09:03:03,961 - pypfilt.resample - WARNING - Maximum values: [  4.25095322  16.26779116  12.47232573   0.86292134  10.20706639
 533.59201554]
2025-11-05 09:03:03,961 - pypfilt.resample - WARNING - Mean values:    [  2.29680684   9.61654513   7.32157576   0.49866606   5.97881632
 384.45919648]
2025-11-05 09:03:03,961 - pypfilt.resample - WARNING - Covariance matrix:
      [[ 1.56321057e+00 -9.25921929e+00  7.93579083e+00 -1.91410095e-01
         2.62951045e+00 -7.16304900e+01]
       [-9.25921929e+00  5.85866572e+01 -4.98565570e+01  1.29010227e+00
        -1.63189630e+01  4.90214950e+02]
       [ 7.93579083e+00 -4.98565570e+01  4.24677192e+01 -1.08751460e+00
         1.39763887e+01 -4.12819987e+02]
       [-1.91410095e-01  1.29010227e+00 -1.08751460e+00  3.14848258e-02
        -3.27155811e-01  1.20367602e+01]
       [ 2.62951045e+00 -1.63189630e+01  1.39763887e+01 -3.27155811e-01
         5.02579192e+00 -1.25054301e+02]
       [-7.16304900e+01  4.90214950e+02 -4.12819987e+02  1.20367602e+01
        -1.25054301e+02  4.61943051e+03]]
2025-11-05 09:03:07,633 - pypfilt.resample - WARNING - Post-RPF Cholesky decomposition: Matrix is not positive definite
2025-11-05 09:03:07,633 - pypfilt.resample - WARNING - Post-RPF parameters: lnV0, beta, phi, rho, delta, pi
2025-11-05 09:03:07,633 - pypfilt.resample - WARNING - Minimum values: [9.23212289e-01 3.84025568e+00 2.14905502e+00 1.33740512e-01
 2.65924653e+00 2.51277375e+02]
2025-11-05 09:03:07,633 - pypfilt.resample - WARNING - Maximum values: [  4.62165395  19.23431385  13.50432301   0.81313466  10.57166855
 593.60813745]
2025-11-05 09:03:07,633 - pypfilt.resample - WARNING - Mean values:    [  2.73332941  10.69510573   7.552059     0.49975417   5.90916256
 410.05619091]
2025-11-05 09:03:07,633 - pypfilt.resample - WARNING - Covariance matrix:
      [[ 4.19731054e+00 -4.84561925e+00  5.67794491e+00  3.17443401e-01
         9.75917677e+00 -4.95912214e+02]
       [-4.84561925e+00  5.59872791e+00 -6.55300317e+00 -3.66647671e-01
        -1.12663394e+01  5.72555236e+02]
       [ 5.67794491e+00 -6.55300317e+00  7.68227455e+00  4.29339379e-01
         1.32020885e+01 -6.70845224e+02]
       [ 3.17443401e-01 -3.66647671e-01  4.29339379e-01  2.40152362e-02
         7.38081045e-01 -3.75073102e+01]
       [ 9.75917677e+00 -1.12663394e+01  1.32020885e+01  7.38081045e-01
         2.26912554e+01 -1.15305000e+03]
       [-4.95912214e+02  5.72555236e+02 -6.70845224e+02 -3.75073102e+01
        -1.15305000e+03  5.85928579e+04]]
2025-11-05 09:03:09,122 - pypfilt.resample - WARNING - Post-RPF Cholesky decomposition: Matrix is not positive definite
2025-11-05 09:03:09,123 - pypfilt.resample - WARNING - Post-RPF parameters: lnV0, beta, phi, rho, delta, pi
2025-11-05 09:03:09,123 - pypfilt.resample - WARNING - Minimum values: [7.21553093e-01 3.01062053e-01 2.24827075e+00 1.09598073e-01
 2.73747170e+00 2.70189256e+02]
2025-11-05 09:03:09,123 - pypfilt.resample - WARNING - Maximum values: [  4.85206436  19.71808947  13.96831493   0.99780428   9.13269283
 570.18398964]
2025-11-05 09:03:09,123 - pypfilt.resample - WARNING - Mean values:    [  2.68727238  10.48734261   7.6649614    0.51134292   5.90086415
 419.21101976]
2025-11-05 09:03:09,123 - pypfilt.resample - WARNING - Covariance matrix:
      [[ 4.28117740e+00  1.40093481e+01  1.15802722e+01 -2.60905483e-02
         3.11830762e+00 -1.32195991e+02]
       [ 1.40093481e+01  7.86427056e+01  4.30233651e+01 -1.24822347e+00
         1.43060713e+01 -8.46827984e+02]
       [ 1.15802722e+01  4.30233651e+01  3.70022352e+01 -4.16211936e-02
         7.42840732e+00 -2.87932850e+02]
       [-2.60905483e-02 -1.24822347e+00 -4.16211936e-02  6.39906877e-02
        -1.04442663e-01  2.14010527e+01]
       [ 3.11830762e+00  1.43060713e+01  7.42840732e+00 -1.04442663e-01
         4.61726016e+00 -1.92561907e+02]
       [-1.32195991e+02 -8.46827984e+02 -2.87932850e+02  2.14010527e+01
        -1.92561907e+02  1.30199951e+04]]
2025-11-05 09:03:09,872 - pypfilt.resample - WARNING - Post-RPF Cholesky decomposition: Matrix is not positive definite
2025-11-05 09:03:09,872 - pypfilt.resample - WARNING - Post-RPF parameters: lnV0, beta, phi, rho, delta, pi
2025-11-05 09:03:09,873 - pypfilt.resample - WARNING - Minimum values: [2.46186895e-01 2.54051465e+00 1.86636428e+00 1.46257812e-01
 1.89343442e+00 2.65430277e+02]
2025-11-05 09:03:09,873 - pypfilt.resample - WARNING - Maximum values: [  4.08088209  17.31302921  12.92705913   0.88175062  10.69404176
 574.28927517]
2025-11-05 09:03:09,873 - pypfilt.resample - WARNING - Mean values:    [  2.45698667  10.30281936   7.93806667   0.4742918    6.23933118
 419.3258669 ]
2025-11-05 09:03:09,873 - pypfilt.resample - WARNING - Covariance matrix:
      [[6.63177399e+00 1.07234692e+01 4.01886193e+00 1.29686419e+00
        1.07352163e+01 2.20100044e+02]
       [1.07234692e+01 1.94048504e+01 5.35148720e+00 1.98056548e+00
        1.89929163e+01 3.11841786e+02]
       [4.01886193e+00 5.35148720e+00 3.07753863e+00 8.50729804e-01
        5.59700806e+00 1.57841693e+02]
       [1.29686419e+00 1.98056548e+00 8.50729804e-01 2.60181909e-01
        2.00706046e+00 4.55287940e+01]
       [1.07352163e+01 1.89929163e+01 5.59700806e+00 2.00706046e+00
        1.86719835e+01 3.21379278e+02]
       [2.20100044e+02 3.11841786e+02 1.57841693e+02 4.55287940e+01
        3.21379278e+02 8.24713075e+03]]
2025-11-05 09:03:33,234 - pypfilt.resample - WARNING - Post-RPF Cholesky decomposition: Matrix is not positive definite
2025-11-05 09:03:33,235 - pypfilt.resample - WARNING - Post-RPF parameters: lnV0, beta, phi, rho, delta, pi
2025-11-05 09:03:33,235 - pypfilt.resample - WARNING - Minimum values: [3.70459706e-01 2.65940343e+00 1.41328862e+00 8.73434778e-02
 2.11406430e+00 2.07203829e+02]
2025-11-05 09:03:33,235 - pypfilt.resample - WARNING - Maximum values: [  4.46955581  18.27496478  14.29499657   0.88170573  10.32383303
 556.95017842]
2025-11-05 09:03:33,235 - pypfilt.resample - WARNING - Mean values:    [  2.46456439  10.54272179   7.86267147   0.47776206   6.18430167
 383.3322927 ]
2025-11-05 09:03:33,235 - pypfilt.resample - WARNING - Covariance matrix:
      [[ 8.19308103e-01 -2.84134053e+00  2.17028181e+00  7.10607612e-02
         1.43316293e+00  6.65953927e+01]
       [-2.84134053e+00  9.85369972e+00 -7.52648443e+00 -2.46436987e-01
        -4.97017410e+00 -2.30951199e+02]
       [ 2.17028181e+00 -7.52648443e+00  5.74890342e+00  1.88234289e-01
         3.79633428e+00  1.76405883e+02]
       [ 7.10607612e-02 -2.46436987e-01  1.88234289e-01  6.16328799e-03
         1.24302016e-01  5.77599475e+00]
       [ 1.43316293e+00 -4.97017410e+00  3.79633428e+00  1.24302016e-01
         2.50693966e+00  1.16491034e+02]
       [ 6.65953927e+01 -2.30951199e+02  1.76405883e+02  5.77599475e+00
         1.16491034e+02  5.41303853e+03]]
2025-11-05 09:03:43,344 - pypfilt - INFO -   09:03:43  Forecasting from 14.0 to 21.0
2025-11-05 09:03:47,902 - pypfilt - INFO -   09:03:47  Forecasting from 14.0 to 21.0
2025-11-05 09:03:49,056 - pypfilt.resample - WARNING - Post-RPF Cholesky decomposition: Matrix is not positive definite
2025-11-05 09:03:49,056 - pypfilt.resample - WARNING - Post-RPF parameters: lnV0, beta, phi, rho, delta, pi
2025-11-05 09:03:49,056 - pypfilt.resample - WARNING - Minimum values: [  3.18947136  13.8356631   10.90415496   0.77068061   4.32862708
 452.90174232]
2025-11-05 09:03:49,056 - pypfilt.resample - WARNING - Maximum values: [  4.46955581  18.27496478  14.29499657   0.88170573   6.56779642
 556.95017842]
2025-11-05 09:03:49,056 - pypfilt.resample - WARNING - Mean values:    [  3.44548825  17.38710445  11.58232328   0.79288564   4.77646095
 473.71142954]
2025-11-05 09:03:49,057 - pypfilt.resample - WARNING - Covariance matrix:
      [[ 8.27865150e-04 -2.87101616e-03  2.19294875e-03  7.18029366e-05
         1.44813122e-03  6.72909307e-02]
       [-2.87101616e-03  9.95661409e-03 -7.60509282e-03 -2.49010834e-04
        -5.02208378e-03 -2.33363308e-01]
       [ 2.19294875e-03 -7.60509282e-03  5.80894633e-03  1.90200252e-04
         3.83598410e-03  1.78248308e-01]
       [ 7.18029366e-05 -2.49010834e-04  1.90200252e-04  6.22765882e-06
         1.25600255e-04  5.83632060e-03]
       [ 1.44813122e-03 -5.02208378e-03  3.83598410e-03  1.25600255e-04
         2.53312273e-03  1.17707694e-01]
       [ 6.72909307e-02 -2.33363308e-01  1.78248308e-01  5.83632060e-03
         1.17707694e-01  5.46957358e+00]]
2025-11-05 09:03:57,568 - pypfilt - INFO -   09:03:57  Forecasting from 14.0 to 21.0
2025-11-05 09:04:01,667 - pypfilt - INFO -   09:04:01  Forecasting from 14.0 to 21.0
2025-11-05 09:04:05,929 - __main__ - ERROR - Sample 4: Failed with error: Snapshot time is 21.0, but expected 0.0
2025-11-05 09:04:08,385 - pypfilt - INFO -   09:04:08  Forecasting from 14.0 to 21.0
2025-11-05 09:04:10,641 - __main__ - ERROR - Sample 1: Failed with error: Snapshot time is 21.0, but expected 0.0
2025-11-05 09:04:19,711 - __main__ - ERROR - Sample 3: Failed with error: Snapshot time is 21.0, but expected 0.0
2025-11-05 09:04:23,824 - __main__ - ERROR - Sample 0: Failed with error: Snapshot time is 21.0, but expected 0.0
2025-11-05 09:04:30,296 - __main__ - ERROR - Sample 2: Failed with error: Snapshot time is 21.0, but expected 0.0
2025-11-05 09:04:30,313 - __main__ - WARNING - 5/5 samples failed
2025-11-05 09:04:30,314 - __main__ - INFO - Saving results to results/posterior_predictive/20251105_090132/443108
2025-11-05 09:04:30,483 - __main__ - ERROR - Failed to process patient 443108: 'median'
Traceback (most recent call last):
  File "/fred/oz022/tkimpson/sandbox/TEIVR/JSFGermano2024/TEIVR_Results/particle-filter-example-tiv_covid/COVID_TEIVR_Predict.py", line 421, in main
    process_patient(
  File "/fred/oz022/tkimpson/sandbox/TEIVR/JSFGermano2024/TEIVR_Results/particle-filter-example-tiv_covid/COVID_TEIVR_Predict.py", line 270, in process_patient
    pp.save_predictions(
  File "/fred/oz022/tkimpson/sandbox/TEIVR/JSFGermano2024/TEIVR_Results/particle-filter-example-tiv_covid/src/posterior_predictive.py", line 616, in save_predictions
    median_acc[i] = stats['median']
KeyError: 'median'
2025-11-05 09:04:30,484 - __main__ - INFO - 
============================================================
2025-11-05 09:04:30,484 - __main__ - INFO - Processing patient: 444332
2025-11-05 09:04:30,484 - __main__ - INFO - ============================================================
2025-11-05 09:04:30,484 - __main__ - INFO - Loading posterior and sampling 5 parameter sets
2025-11-05 09:04:30,485 - src.posterior_predictive - INFO - Loading posterior from results/npe/20250103_existing_primary/models/posterior_N10000.pkl
2025-11-05 09:04:30,497 - src.posterior_predictive - INFO - Sampling 5 parameter sets from posterior
2025-11-05 09:04:30,504 - __main__ - INFO - Observation horizon: T=14.0 days
2025-11-05 09:04:30,504 - __main__ - INFO - Prediction horizon: H=14 days beyond observations
2025-11-05 09:04:30,505 - __main__ - INFO - Processing 5 samples with 5 particles each
2025-11-05 09:04:30,505 - __main__ - INFO - Using parallel processing with 8 workers
2025-11-05 09:04:30,572 - __main__ - INFO - Sample 1: Running particle filter
2025-11-05 09:04:30,572 - __main__ - INFO - Sample 2: Running particle filter
2025-11-05 09:04:30,572 - __main__ - INFO - Sample 3: Running particle filter
2025-11-05 09:04:30,572 - __main__ - INFO - Sample 4: Running particle filter
2025-11-05 09:04:30,573 - __main__ - INFO - Sample 0: Running particle filter
2025-11-05 09:04:30,590 - pypfilt - INFO -   09:04:30  Estimating  from 0.0 to 14.0
2025-11-05 09:04:30,590 - pypfilt - INFO -   09:04:30  Estimating  from 0.0 to 14.0
2025-11-05 09:04:30,590 - pypfilt - INFO -   09:04:30  Estimating  from 0.0 to 14.0
2025-11-05 09:04:30,591 - pypfilt - INFO -   09:04:30  Estimating  from 0.0 to 14.0
2025-11-05 09:04:30,591 - pypfilt - INFO -   09:04:30  Estimating  from 0.0 to 14.0
2025-11-05 09:04:38,052 - pypfilt.resample - WARNING - Post-RPF Cholesky decomposition: Matrix is not positive definite
2025-11-05 09:04:38,052 - pypfilt.resample - WARNING - Post-RPF parameters: lnV0, beta, phi, rho, delta, pi
2025-11-05 09:04:38,052 - pypfilt.resample - WARNING - Minimum values: [6.72318902e-02 3.15891590e+00 2.49790332e+00 7.00802654e-02
 1.11168723e+00 2.20653315e+02]
2025-11-05 09:04:38,052 - pypfilt.resample - WARNING - Maximum values: [  4.25095322  16.26779116  12.47232573   0.86292134  10.20706639
 533.59201554]
2025-11-05 09:04:38,052 - pypfilt.resample - WARNING - Mean values:    [  2.29680684   9.61654513   7.32157576   0.49866606   5.97881632
 384.45919648]
2025-11-05 09:04:38,052 - pypfilt.resample - WARNING - Covariance matrix:
      [[ 2.09972332e+00 -4.21542634e+00  5.07526111e+00  3.24090593e-01
         6.43886906e+00  1.21409911e+02]
       [-4.21542634e+00  1.36683774e+01 -1.39181638e+01 -1.17579210e-01
        -9.92273172e+00 -2.46846810e+01]
       [ 5.07526111e+00 -1.39181638e+01  1.49388126e+01  4.01488921e-01
         1.34114738e+01  1.36533957e+02]
       [ 3.24090593e-01 -1.17579210e-01  4.01488921e-01  1.04612509e-01
         1.30146271e+00  4.11724816e+01]
       [ 6.43886906e+00 -9.92273172e+00  1.34114738e+01  1.30146271e+00
         2.14785838e+01  4.98724223e+02]
       [ 1.21409911e+02 -2.46846810e+01  1.36533957e+02  4.11724816e+01
         4.98724223e+02  1.62387466e+04]]
2025-11-05 09:04:39,769 - pypfilt.resample - WARNING - Post-RPF Cholesky decomposition: Matrix is not positive definite
2025-11-05 09:04:39,769 - pypfilt.resample - WARNING - Post-RPF parameters: lnV0, beta, phi, rho, delta, pi
2025-11-05 09:04:39,769 - pypfilt.resample - WARNING - Minimum values: [7.21553093e-01 3.01062053e-01 2.24827075e+00 1.09598073e-01
 2.73747170e+00 2.70189256e+02]
2025-11-05 09:04:39,769 - pypfilt.resample - WARNING - Maximum values: [  4.85206436  19.71808947  13.96831493   0.99780428   9.13269283
 570.18398964]
2025-11-05 09:04:39,769 - pypfilt.resample - WARNING - Mean values:    [  2.68727238  10.48734261   7.6649614    0.51134292   5.90086415
 419.21101976]
2025-11-05 09:04:39,769 - pypfilt.resample - WARNING - Covariance matrix:
      [[ 4.27988519e+00  1.40003585e+01  1.15757839e+01 -2.58716517e-02
         3.11737002e+00 -1.32102422e+02]
       [ 1.40003585e+01  7.86198683e+01  4.29990183e+01 -1.24822190e+00
         1.43029007e+01 -8.46661050e+02]
       [ 1.15757839e+01  4.29990183e+01  3.69918571e+01 -4.09556693e-02
         7.42432388e+00 -2.87580911e+02]
       [-2.58716517e-02 -1.24822190e+00 -4.09556693e-02  6.40311055e-02
        -1.04353427e-01  2.14084865e+01]
       [ 3.11737002e+00  1.43029007e+01  7.42432388e+00 -1.04353427e-01
         4.61850250e+00 -1.92572807e+02]
       [-1.32102422e+02 -8.46661050e+02 -2.87580911e+02  2.14084865e+01
        -1.92572807e+02  1.30221739e+04]]
2025-11-05 09:04:59,686 - pypfilt.resample - WARNING - Post-RPF Cholesky decomposition: Matrix is not positive definite
2025-11-05 09:04:59,686 - pypfilt.resample - WARNING - Post-RPF parameters: lnV0, beta, phi, rho, delta, pi
2025-11-05 09:04:59,686 - pypfilt.resample - WARNING - Minimum values: [9.23212289e-01 3.84025568e+00 2.14905502e+00 1.33740512e-01
 2.65924653e+00 2.51277375e+02]
2025-11-05 09:04:59,686 - pypfilt.resample - WARNING - Maximum values: [  4.62165395  19.23431385  13.50432301   0.81313466  10.57166855
 593.60813745]
2025-11-05 09:04:59,686 - pypfilt.resample - WARNING - Mean values:    [  2.73332941  10.69510573   7.552059     0.49975417   5.90916256
 410.05619091]
2025-11-05 09:04:59,686 - pypfilt.resample - WARNING - Covariance matrix:
      [[ 2.57463767e-01 -3.46537959e+00 -1.65099953e+00  2.03690023e-01
         1.20493215e+00 -4.85180921e+01]
       [-3.46537959e+00  4.66477426e+01  2.22246061e+01 -2.74192136e+00
        -1.62199103e+01  6.53079631e+02]
       [-1.65099953e+00  2.22246061e+01  1.05886353e+01 -1.30634615e+00
        -7.72766387e+00  3.11146644e+02]
       [ 2.03690023e-01 -2.74192136e+00 -1.30634615e+00  1.61168753e-01
         9.53404659e-01 -3.83874916e+01]
       [ 1.20493215e+00 -1.62199103e+01 -7.72766387e+00  9.53404659e-01
         5.64005990e+00 -2.27084515e+02]
       [-4.85180921e+01  6.53079631e+02  3.11146644e+02 -3.83874916e+01
        -2.27084515e+02  9.14345719e+03]]
2025-11-05 09:05:04,137 - pypfilt.resample - WARNING - Post-RPF Cholesky decomposition: Matrix is not positive definite
2025-11-05 09:05:04,137 - pypfilt.resample - WARNING - Post-RPF parameters: lnV0, beta, phi, rho, delta, pi
2025-11-05 09:05:04,137 - pypfilt.resample - WARNING - Minimum values: [3.70459706e-01 2.65940343e+00 1.41328862e+00 8.73434778e-02
 2.11406430e+00 2.07203829e+02]
2025-11-05 09:05:04,137 - pypfilt.resample - WARNING - Maximum values: [  4.46955581  18.27496478  14.29499657   0.88170573  10.32383303
 556.95017842]
2025-11-05 09:05:04,137 - pypfilt.resample - WARNING - Mean values:    [  2.46456439  10.54272179   7.86267147   0.47776206   6.18430167
 383.3322927 ]
2025-11-05 09:05:04,137 - pypfilt.resample - WARNING - Covariance matrix:
      [[4.00722039e+00 1.57000147e+01 4.59185632e+00 4.65308392e-01
        3.16780572e+00 5.13278312e+01]
       [1.57000147e+01 6.18656231e+01 1.79185311e+01 1.82445494e+00
        1.23652901e+01 1.97816657e+02]
       [4.59185632e+00 1.79185311e+01 5.27644959e+00 5.32908212e-01
        3.63932664e+00 5.94842753e+01]
       [4.65308392e-01 1.82445494e+00 5.32908212e-01 5.40360488e-02
        3.67654830e-01 5.94700066e+00]
       [3.16780572e+00 1.23652901e+01 3.63932664e+00 3.67654830e-01
        2.51019306e+00 4.10019532e+01]
       [5.13278312e+01 1.97816657e+02 5.94842753e+01 5.94700066e+00
        4.10019532e+01 6.87879209e+02]]
2025-11-05 09:05:04,502 - pypfilt.resample - WARNING - Post-RPF Cholesky decomposition: Matrix is not positive definite
2025-11-05 09:05:04,502 - pypfilt.resample - WARNING - Post-RPF parameters: lnV0, beta, phi, rho, delta, pi
2025-11-05 09:05:04,502 - pypfilt.resample - WARNING - Minimum values: [2.46186895e-01 2.54051465e+00 1.86636428e+00 1.46257812e-01
 1.89343442e+00 2.65430277e+02]
2025-11-05 09:05:04,502 - pypfilt.resample - WARNING - Maximum values: [  4.08088209  17.31302921  12.92705913   0.88175062  10.69404176
 574.28927517]
2025-11-05 09:05:04,503 - pypfilt.resample - WARNING - Mean values:    [  2.45698667  10.30281936   7.93806667   0.4742918    6.23933118
 419.3258669 ]
2025-11-05 09:05:04,503 - pypfilt.resample - WARNING - Covariance matrix:
      [[7.28459510e+00 1.19790349e+01 3.75053764e+00 1.39461445e+00
        1.20677916e+01 2.37324021e+02]
       [1.19790349e+01 2.04185750e+01 7.16443213e+00 2.29984215e+00
        2.01173041e+01 3.75352432e+02]
       [3.75053764e+00 7.16443213e+00 3.31182536e+00 7.27024899e-01
        6.59072311e+00 1.01537676e+02]
       [1.39461445e+00 2.29984215e+00 7.27024899e-01 2.67053596e-01
        2.31280038e+00 4.53005362e+01]
       [1.20677916e+01 2.01173041e+01 6.59072311e+00 2.31280038e+00
        2.00949754e+01 3.87508071e+02]
       [2.37324021e+02 3.75352432e+02 1.01537676e+02 4.53005362e+01
        3.87508071e+02 8.04063197e+03]]
2025-11-05 09:05:17,656 - pypfilt - INFO -   09:05:17  Forecasting from 14.0 to 21.0
2025-11-05 09:05:25,614 - pypfilt - INFO -   09:05:25  Forecasting from 14.0 to 21.0
2025-11-05 09:05:25,994 - pypfilt - INFO -   09:05:25  Forecasting from 14.0 to 21.0
2025-11-05 09:05:27,721 - pypfilt - INFO -   09:05:27  Forecasting from 14.0 to 21.0
2025-11-05 09:05:28,523 - pypfilt - INFO -   09:05:28  Forecasting from 14.0 to 21.0
2025-11-05 09:05:39,522 - __main__ - ERROR - Sample 1: Failed with error: Snapshot time is 21.0, but expected 0.0
2025-11-05 09:05:48,061 - __main__ - ERROR - Sample 2: Failed with error: Snapshot time is 21.0, but expected 0.0
2025-11-05 09:05:48,479 - __main__ - ERROR - Sample 4: Failed with error: Snapshot time is 21.0, but expected 0.0
2025-11-05 09:05:54,224 - __main__ - ERROR - Sample 3: Failed with error: Snapshot time is 21.0, but expected 0.0
2025-11-05 09:05:55,205 - __main__ - ERROR - Sample 0: Failed with error: Snapshot time is 21.0, but expected 0.0
2025-11-05 09:05:55,228 - __main__ - WARNING - 5/5 samples failed
2025-11-05 09:05:55,228 - __main__ - INFO - Saving results to results/posterior_predictive/20251105_090132/444332
2025-11-05 09:05:55,438 - __main__ - ERROR - Failed to process patient 444332: 'median'
Traceback (most recent call last):
  File "/fred/oz022/tkimpson/sandbox/TEIVR/JSFGermano2024/TEIVR_Results/particle-filter-example-tiv_covid/COVID_TEIVR_Predict.py", line 421, in main
    process_patient(
  File "/fred/oz022/tkimpson/sandbox/TEIVR/JSFGermano2024/TEIVR_Results/particle-filter-example-tiv_covid/COVID_TEIVR_Predict.py", line 270, in process_patient
    pp.save_predictions(
  File "/fred/oz022/tkimpson/sandbox/TEIVR/JSFGermano2024/TEIVR_Results/particle-filter-example-tiv_covid/src/posterior_predictive.py", line 616, in save_predictions
    median_acc[i] = stats['median']
KeyError: 'median'
2025-11-05 09:05:55,438 - __main__ - INFO - 
============================================================
2025-11-05 09:05:55,438 - __main__ - INFO - Processing patient: 444391
2025-11-05 09:05:55,438 - __main__ - INFO - ============================================================
2025-11-05 09:05:55,438 - __main__ - INFO - Loading posterior and sampling 5 parameter sets
2025-11-05 09:05:55,439 - src.posterior_predictive - INFO - Loading posterior from results/npe/20250103_existing_primary/models/posterior_N10000.pkl
2025-11-05 09:05:55,452 - src.posterior_predictive - INFO - Sampling 5 parameter sets from posterior
2025-11-05 09:05:55,458 - __main__ - INFO - Observation horizon: T=14.0 days
2025-11-05 09:05:55,458 - __main__ - INFO - Prediction horizon: H=14 days beyond observations
2025-11-05 09:05:55,459 - __main__ - INFO - Processing 5 samples with 5 particles each
2025-11-05 09:05:55,459 - __main__ - INFO - Using parallel processing with 8 workers
2025-11-05 09:05:55,528 - __main__ - INFO - Sample 3: Running particle filter
2025-11-05 09:05:55,528 - __main__ - INFO - Sample 1: Running particle filter
2025-11-05 09:05:55,528 - __main__ - INFO - Sample 2: Running particle filter
2025-11-05 09:05:55,528 - __main__ - INFO - Sample 4: Running particle filter
2025-11-05 09:05:55,528 - __main__ - INFO - Sample 0: Running particle filter
2025-11-05 09:05:55,546 - pypfilt - INFO -   09:05:55  Estimating  from 0.0 to 14.0
2025-11-05 09:05:55,546 - pypfilt - INFO -   09:05:55  Estimating  from 0.0 to 14.0
2025-11-05 09:05:55,546 - pypfilt - INFO -   09:05:55  Estimating  from 0.0 to 14.0
2025-11-05 09:05:55,547 - pypfilt - INFO -   09:05:55  Estimating  from 0.0 to 14.0
2025-11-05 09:05:55,547 - pypfilt - INFO -   09:05:55  Estimating  from 0.0 to 14.0
2025-11-05 09:05:58,778 - pypfilt.resample - WARNING - Post-RPF Cholesky decomposition: Matrix is not positive definite
2025-11-05 09:05:58,778 - pypfilt.resample - WARNING - Post-RPF parameters: lnV0, beta, phi, rho, delta, pi
2025-11-05 09:05:58,779 - pypfilt.resample - WARNING - Minimum values: [2.46186895e-01 2.54051465e+00 1.86636428e+00 1.46257812e-01
 1.89343442e+00 2.65430277e+02]
2025-11-05 09:05:58,779 - pypfilt.resample - WARNING - Maximum values: [  4.08088209  17.31302921  12.92705913   0.88175062  10.69404176
 574.28927517]
2025-11-05 09:05:58,779 - pypfilt.resample - WARNING - Mean values:    [  2.45698667  10.30281936   7.93806667   0.4742918    6.23933118
 419.3258669 ]
2025-11-05 09:05:58,779 - pypfilt.resample - WARNING - Covariance matrix:
      [[ 1.09107349e+00  1.15956709e+00 -1.45556114e-01  1.67470138e-01
         2.05439128e+00  2.14312828e+01]
       [ 1.15956709e+00  3.47446113e+01  5.53003541e+00 -7.13300858e-01
         2.12717059e+01 -5.66303658e+02]
       [-1.45556114e-01  5.53003541e+00  1.00284649e+01 -1.13466972e-01
         4.13188614e+00 -2.61133882e+02]
       [ 1.67470138e-01 -7.13300858e-01 -1.13466972e-01  7.13826360e-02
        -4.57021357e-01  3.21139834e+01]
       [ 2.05439128e+00  2.12717059e+01  4.13188614e+00 -4.57021357e-01
         1.83320129e+01 -4.95062267e+02]
       [ 2.14312828e+01 -5.66303658e+02 -2.61133882e+02  3.21139834e+01
        -4.95062267e+02  2.29062786e+04]]
2025-11-05 09:05:59,638 - pypfilt.resample - WARNING - Post-RPF Cholesky decomposition: Matrix is not positive definite
2025-11-05 09:05:59,638 - pypfilt.resample - WARNING - Post-RPF parameters: lnV0, beta, phi, rho, delta, pi
2025-11-05 09:05:59,638 - pypfilt.resample - WARNING - Minimum values: [6.72318902e-02 3.15891590e+00 2.49790332e+00 7.00802654e-02
 1.11168723e+00 2.20653315e+02]
2025-11-05 09:05:59,638 - pypfilt.resample - WARNING - Maximum values: [  4.25095322  16.26779116  12.47232573   0.86292134  10.20706639
 533.59201554]
2025-11-05 09:05:59,638 - pypfilt.resample - WARNING - Mean values:    [  2.29680684   9.61654513   7.32157576   0.49866606   5.97881632
 384.45919648]
2025-11-05 09:05:59,638 - pypfilt.resample - WARNING - Covariance matrix:
      [[ 1.35673705e+00 -1.58171098e+00  1.85324398e+00  2.42342569e-02
        -1.86612333e-01  2.22028449e+01]
       [-1.58171098e+00  4.19892988e+01 -3.21642642e+01  2.04374796e+00
        -1.85439074e+00  8.27548411e+02]
       [ 1.85324398e+00 -3.21642642e+01  2.51032599e+01 -1.46440649e+00
         2.27404564e+00 -5.91957462e+02]
       [ 2.42342569e-02  2.04374796e+00 -1.46440649e+00  1.27926237e-01
         2.59274947e-01  5.10918233e+01]
       [-1.86612333e-01 -1.85439074e+00  2.27404564e+00  2.59274947e-01
         6.96383912e+00  6.95462719e+01]
       [ 2.22028449e+01  8.27548411e+02 -5.91957462e+02  5.10918233e+01
         6.95462719e+01  2.07006435e+04]]
2025-11-05 09:06:01,895 - pypfilt.resample - WARNING - Post-RPF Cholesky decomposition: Matrix is not positive definite
2025-11-05 09:06:01,895 - pypfilt.resample - WARNING - Post-RPF parameters: lnV0, beta, phi, rho, delta, pi
2025-11-05 09:06:01,895 - pypfilt.resample - WARNING - Minimum values: [9.23212289e-01 3.84025568e+00 2.14905502e+00 1.33740512e-01
 2.65924653e+00 2.51277375e+02]
2025-11-05 09:06:01,895 - pypfilt.resample - WARNING - Maximum values: [  4.62165395  19.23431385  13.50432301   0.81313466  10.57166855
 593.60813745]
2025-11-05 09:06:01,895 - pypfilt.resample - WARNING - Mean values:    [  2.73332941  10.69510573   7.552059     0.49975417   5.90916256
 410.05619091]
2025-11-05 09:06:01,895 - pypfilt.resample - WARNING - Covariance matrix:
      [[ 4.19681947e+00 -4.84561462e+00  5.67660422e+00  3.17435474e-01
         9.75783677e+00 -4.95848070e+02]
       [-4.84561462e+00  5.61167507e+00 -6.54708078e+00 -3.67136300e-01
        -1.12655154e+01  5.72667271e+02]
       [ 5.67660422e+00 -6.54708078e+00  7.68321266e+00  4.29054083e-01
         1.31994554e+01 -6.70668165e+02]
       [ 3.17435474e-01 -3.67136300e-01  4.29054083e-01  2.40351317e-02
         7.38028191e-01 -3.75095364e+01]
       [ 9.75783677e+00 -1.12655154e+01  1.31994554e+01  7.38028191e-01
         2.26881277e+01 -1.15288621e+03]
       [-4.95848070e+02  5.72667271e+02 -6.70668165e+02 -3.75095364e+01
        -1.15288621e+03  5.85867534e+04]]
2025-11-05 09:06:04,898 - pypfilt.resample - WARNING - Post-RPF Cholesky decomposition: Matrix is not positive definite
2025-11-05 09:06:04,898 - pypfilt.resample - WARNING - Post-RPF parameters: lnV0, beta, phi, rho, delta, pi
2025-11-05 09:06:04,898 - pypfilt.resample - WARNING - Minimum values: [7.21553093e-01 3.01062053e-01 2.24827075e+00 1.09598073e-01
 2.73747170e+00 2.70189256e+02]
2025-11-05 09:06:04,898 - pypfilt.resample - WARNING - Maximum values: [  4.85206436  19.71808947  13.96831493   0.99780428   9.13269283
 570.18398964]
2025-11-05 09:06:04,898 - pypfilt.resample - WARNING - Mean values:    [  2.68727238  10.48734261   7.6649614    0.51134292   5.90086415
 419.21101976]
2025-11-05 09:06:04,898 - pypfilt.resample - WARNING - Covariance matrix:
      [[ 4.28118199e+00  1.40093801e+01  1.15802882e+01 -2.60913260e-02
         3.11831095e+00 -1.32196323e+02]
       [ 1.40093801e+01  7.86427867e+01  4.30234516e+01 -1.24822348e+00
         1.43060826e+01 -8.46828577e+02]
       [ 1.15802882e+01  4.30234516e+01  3.70022720e+01 -4.16235581e-02
         7.42842183e+00 -2.87934100e+02]
       [-2.60913260e-02 -1.24822348e+00 -4.16235581e-02  6.39905441e-02
        -1.04442980e-01  2.14010263e+01]
       [ 3.11831095e+00  1.43060826e+01  7.42842183e+00 -1.04442980e-01
         4.61725575e+00 -1.92561868e+02]
       [-1.32196323e+02 -8.46828577e+02 -2.87934100e+02  2.14010263e+01
        -1.92561868e+02  1.30199874e+04]]
2025-11-05 09:06:19,727 - pypfilt.resample - WARNING - Post-RPF Cholesky decomposition: Matrix is not positive definite
2025-11-05 09:06:19,727 - pypfilt.resample - WARNING - Post-RPF parameters: lnV0, beta, phi, rho, delta, pi
2025-11-05 09:06:19,727 - pypfilt.resample - WARNING - Minimum values: [3.70459706e-01 2.65940343e+00 1.41328862e+00 8.73434778e-02
 2.11406430e+00 2.07203829e+02]
2025-11-05 09:06:19,728 - pypfilt.resample - WARNING - Maximum values: [  4.46955581  18.27496478  14.29499657   0.88170573  10.32383303
 556.95017842]
2025-11-05 09:06:19,728 - pypfilt.resample - WARNING - Mean values:    [  2.46456439  10.54272179   7.86267147   0.47776206   6.18430167
 383.3322927 ]
2025-11-05 09:06:19,728 - pypfilt.resample - WARNING - Covariance matrix:
      [[ 8.19308104e-01 -2.84134052e+00  2.17028182e+00  7.10607614e-02
         1.43316293e+00  6.65953927e+01]
       [-2.84134052e+00  9.85369973e+00 -7.52648442e+00 -2.46436987e-01
        -4.97017409e+00 -2.30951198e+02]
       [ 2.17028182e+00 -7.52648442e+00  5.74890342e+00  1.88234289e-01
         3.79633428e+00  1.76405883e+02]
       [ 7.10607614e-02 -2.46436987e-01  1.88234289e-01  6.16328800e-03
         1.24302016e-01  5.77599474e+00]
       [ 1.43316293e+00 -4.97017409e+00  3.79633428e+00  1.24302016e-01
         2.50693966e+00  1.16491034e+02]
       [ 6.65953927e+01 -2.30951198e+02  1.76405883e+02  5.77599474e+00
         1.16491034e+02  5.41303853e+03]]
2025-11-05 09:06:37,616 - pypfilt.resample - WARNING - Post-RPF Cholesky decomposition: Matrix is not positive definite
2025-11-05 09:06:37,616 - pypfilt.resample - WARNING - Post-RPF parameters: lnV0, beta, phi, rho, delta, pi
2025-11-05 09:06:37,616 - pypfilt.resample - WARNING - Minimum values: [  3.18947136  13.8356631   10.90415496   0.77068061   4.32862708
 452.90174232]
2025-11-05 09:06:37,617 - pypfilt.resample - WARNING - Maximum values: [  4.46955581  18.27496478  14.29499657   0.88170573   6.56779642
 556.95017842]
2025-11-05 09:06:37,617 - pypfilt.resample - WARNING - Mean values:    [  3.44548825  17.38710445  11.58232328   0.79288564   4.77646095
 473.71142954]
2025-11-05 09:06:37,617 - pypfilt.resample - WARNING - Covariance matrix:
      [[ 7.10672896e-02 -2.46459628e-01  1.88251582e-01  6.16385421e-03
         1.24313435e-01  5.77652539e+00]
       [-2.46459628e-01  8.54715984e-01 -6.52851897e-01 -2.13760962e-02
        -4.31115964e-01 -2.00328493e+01]
       [ 1.88251582e-01 -6.52851897e-01  4.98663425e-01  1.63275582e-02
         3.29296375e-01  1.53015550e+01]
       [ 6.16385421e-03 -2.13760962e-02  1.63275582e-02  5.34607397e-04
         1.07820334e-02  5.01013343e-01]
       [ 1.24313435e-01 -4.31115964e-01  3.29296375e-01  1.07820334e-02
         2.17453491e-01  1.01045040e+01]
       [ 5.77652539e+00 -2.00328493e+01  1.53015550e+01  5.01013343e-01
         1.01045040e+01  4.69530297e+02]]
2025-11-05 09:06:38,135 - pypfilt - INFO -   09:06:38  Forecasting from 14.0 to 21.0
2025-11-05 09:06:39,158 - pypfilt - INFO -   09:06:39  Forecasting from 14.0 to 21.0
2025-11-05 09:06:43,094 - pypfilt - INFO -   09:06:43  Forecasting from 14.0 to 21.0
2025-11-05 09:06:50,075 - pypfilt - INFO -   09:06:50  Forecasting from 14.0 to 21.0
2025-11-05 09:06:59,846 - __main__ - ERROR - Sample 3: Failed with error: Snapshot time is 21.0, but expected 0.0
2025-11-05 09:07:01,110 - __main__ - ERROR - Sample 4: Failed with error: Snapshot time is 21.0, but expected 0.0
2025-11-05 09:07:02,710 - pypfilt - INFO -   09:07:02  Forecasting from 14.0 to 21.0
2025-11-05 09:07:05,061 - __main__ - ERROR - Sample 1: Failed with error: Snapshot time is 21.0, but expected 0.0
2025-11-05 09:07:11,903 - __main__ - ERROR - Sample 0: Failed with error: Snapshot time is 21.0, but expected 0.0
2025-11-05 09:07:24,650 - __main__ - ERROR - Sample 2: Failed with error: Snapshot time is 21.0, but expected 0.0
2025-11-05 09:07:24,673 - __main__ - WARNING - 5/5 samples failed
2025-11-05 09:07:24,674 - __main__ - INFO - Saving results to results/posterior_predictive/20251105_090132/444391
2025-11-05 09:07:25,148 - __main__ - ERROR - Failed to process patient 444391: 'median'
Traceback (most recent call last):
  File "/fred/oz022/tkimpson/sandbox/TEIVR/JSFGermano2024/TEIVR_Results/particle-filter-example-tiv_covid/COVID_TEIVR_Predict.py", line 421, in main
    process_patient(
  File "/fred/oz022/tkimpson/sandbox/TEIVR/JSFGermano2024/TEIVR_Results/particle-filter-example-tiv_covid/COVID_TEIVR_Predict.py", line 270, in process_patient
    pp.save_predictions(
  File "/fred/oz022/tkimpson/sandbox/TEIVR/JSFGermano2024/TEIVR_Results/particle-filter-example-tiv_covid/src/posterior_predictive.py", line 616, in save_predictions
    median_acc[i] = stats['median']
KeyError: 'median'
2025-11-05 09:07:25,148 - __main__ - INFO - 
============================================================
2025-11-05 09:07:25,148 - __main__ - INFO - Processing patient: 445602
2025-11-05 09:07:25,148 - __main__ - INFO - ============================================================
2025-11-05 09:07:25,148 - __main__ - INFO - Loading posterior and sampling 5 parameter sets
2025-11-05 09:07:25,149 - src.posterior_predictive - INFO - Loading posterior from results/npe/20250103_existing_primary/models/posterior_N10000.pkl
2025-11-05 09:07:25,162 - src.posterior_predictive - INFO - Sampling 5 parameter sets from posterior
2025-11-05 09:07:25,174 - __main__ - INFO - Observation horizon: T=14.0 days
2025-11-05 09:07:25,174 - __main__ - INFO - Prediction horizon: H=14 days beyond observations
2025-11-05 09:07:25,175 - __main__ - INFO - Processing 5 samples with 5 particles each
2025-11-05 09:07:25,175 - __main__ - INFO - Using parallel processing with 8 workers
2025-11-05 09:07:25,242 - __main__ - INFO - Sample 1: Running particle filter
2025-11-05 09:07:25,242 - __main__ - INFO - Sample 2: Running particle filter
2025-11-05 09:07:25,242 - __main__ - INFO - Sample 4: Running particle filter
2025-11-05 09:07:25,242 - __main__ - INFO - Sample 3: Running particle filter
2025-11-05 09:07:25,244 - __main__ - INFO - Sample 0: Running particle filter
2025-11-05 09:07:25,262 - pypfilt - INFO -   09:07:25  Estimating  from 0.0 to 14.0
2025-11-05 09:07:25,262 - pypfilt - INFO -   09:07:25  Estimating  from 0.0 to 14.0
2025-11-05 09:07:25,262 - pypfilt - INFO -   09:07:25  Estimating  from 0.0 to 14.0
2025-11-05 09:07:25,262 - pypfilt - INFO -   09:07:25  Estimating  from 0.0 to 14.0
2025-11-05 09:07:25,263 - pypfilt - INFO -   09:07:25  Estimating  from 0.0 to 14.0
2025-11-05 09:07:31,319 - pypfilt.resample - WARNING - Post-RPF Cholesky decomposition: Matrix is not positive definite
2025-11-05 09:07:31,319 - pypfilt.resample - WARNING - Post-RPF parameters: lnV0, beta, phi, rho, delta, pi
2025-11-05 09:07:31,319 - pypfilt.resample - WARNING - Minimum values: [9.23212289e-01 3.84025568e+00 2.14905502e+00 1.33740512e-01
 2.65924653e+00 2.51277375e+02]
2025-11-05 09:07:31,319 - pypfilt.resample - WARNING - Maximum values: [  4.62165395  19.23431385  13.50432301   0.81313466  10.57166855
 593.60813745]
2025-11-05 09:07:31,319 - pypfilt.resample - WARNING - Mean values:    [  2.73332941  10.69510573   7.552059     0.49975417   5.90916256
 410.05619091]
2025-11-05 09:07:31,319 - pypfilt.resample - WARNING - Covariance matrix:
      [[ 3.40457231e+00  6.55400302e+00  7.41894733e+00 -1.19960282e-01
         7.44464890e+00 -2.57476518e+02]
       [ 6.55400302e+00  3.95497582e+01  3.03248420e+01 -1.25926993e+00
         1.85986381e+01 -3.65318728e+02]
       [ 7.41894733e+00  3.03248420e+01  3.15137603e+01 -1.02490993e+00
         2.02451113e+01 -6.31609892e+02]
       [-1.19960282e-01 -1.25926993e+00 -1.02490993e+00  5.03813510e-02
        -4.08137462e-01  7.68231271e+00]
       [ 7.44464890e+00  1.85986381e+01  2.02451113e+01 -4.08137462e-01
         1.83832547e+01 -5.85451310e+02]
       [-2.57476518e+02 -3.65318728e+02 -6.31609892e+02  7.68231271e+00
        -5.85451310e+02  2.39202381e+04]]
2025-11-05 09:07:34,141 - pypfilt.resample - WARNING - Post-RPF Cholesky decomposition: Matrix is not positive definite
2025-11-05 09:07:34,141 - pypfilt.resample - WARNING - Post-RPF parameters: lnV0, beta, phi, rho, delta, pi
2025-11-05 09:07:34,142 - pypfilt.resample - WARNING - Minimum values: [7.21553093e-01 3.01062053e-01 2.24827075e+00 1.09598073e-01
 2.73747170e+00 2.70189256e+02]
2025-11-05 09:07:34,142 - pypfilt.resample - WARNING - Maximum values: [  4.85206436  19.71808947  13.96831493   0.99780428   9.13269283
 570.18398964]
2025-11-05 09:07:34,142 - pypfilt.resample - WARNING - Mean values:    [  2.68727238  10.48734261   7.6649614    0.51134292   5.90086415
 419.21101976]
2025-11-05 09:07:34,142 - pypfilt.resample - WARNING - Covariance matrix:
      [[ 4.27780580e+00  1.39858926e+01  1.15685615e+01 -2.55194089e-02
         3.11586126e+00 -1.31951853e+02]
       [ 1.39858926e+01  7.85831190e+01  4.29598401e+01 -1.24821936e+00
         1.42977986e+01 -8.46392423e+02]
       [ 1.15685615e+01  4.29598401e+01  3.69751570e+01 -3.98847247e-02
         7.41775292e+00 -2.87014579e+02]
       [-2.55194089e-02 -1.24821936e+00 -3.98847247e-02  6.40961449e-02
        -1.04209829e-01  2.14204488e+01]
       [ 3.11586126e+00  1.42977986e+01  7.41775292e+00 -1.04209829e-01
         4.62050163e+00 -1.92590346e+02]
       [-1.31951853e+02 -8.46392423e+02 -2.87014579e+02  2.14204488e+01
        -1.92590346e+02  1.30256799e+04]]
2025-11-05 09:07:54,415 - pypfilt.resample - WARNING - Post-RPF Cholesky decomposition: Matrix is not positive definite
2025-11-05 09:07:54,416 - pypfilt.resample - WARNING - Post-RPF parameters: lnV0, beta, phi, rho, delta, pi
2025-11-05 09:07:54,416 - pypfilt.resample - WARNING - Minimum values: [2.46186895e-01 2.54051465e+00 1.86636428e+00 1.46257812e-01
 1.89343442e+00 2.65430277e+02]
2025-11-05 09:07:54,416 - pypfilt.resample - WARNING - Maximum values: [  4.08088209  17.31302921  12.92705913   0.88175062  10.69404176
 574.28927517]
2025-11-05 09:07:54,416 - pypfilt.resample - WARNING - Mean values:    [  2.45698667  10.30281936   7.93806667   0.4742918    6.23933118
 419.3258669 ]
2025-11-05 09:07:54,416 - pypfilt.resample - WARNING - Covariance matrix:
      [[ 2.15527063e+00 -5.97387029e+00  7.72656041e+00  4.92751734e-01
         2.08703768e+00 -5.65321225e+01]
       [-5.97387029e+00  1.65599488e+01 -2.14215134e+01 -1.36413732e+00
        -5.80632894e+00  1.57903170e+02]
       [ 7.72656041e+00 -2.14215134e+01  2.77150874e+01  1.76173609e+00
         7.54431720e+00 -2.06162802e+02]
       [ 4.92751734e-01 -1.36413732e+00  1.76173609e+00  1.14101445e-01
         4.58211114e-01 -1.18626273e+01]
       [ 2.08703768e+00 -5.80632894e+00  7.54431720e+00  4.58211114e-01
         2.26916841e+00 -6.86604562e+01]
       [-5.65321225e+01  1.57903170e+02 -2.06162802e+02 -1.18626273e+01
        -6.86604562e+01  2.26327952e+03]]
2025-11-05 09:07:58,019 - pypfilt.resample - WARNING - Post-RPF Cholesky decomposition: Matrix is not positive definite
2025-11-05 09:07:58,019 - pypfilt.resample - WARNING - Post-RPF parameters: lnV0, beta, phi, rho, delta, pi
2025-11-05 09:07:58,019 - pypfilt.resample - WARNING - Minimum values: [3.70459706e-01 2.65940343e+00 1.41328862e+00 8.73434778e-02
 2.11406430e+00 2.07203829e+02]
2025-11-05 09:07:58,019 - pypfilt.resample - WARNING - Maximum values: [  4.46955581  18.27496478  14.29499657   0.88170573  10.32383303
 556.95017842]
2025-11-05 09:07:58,019 - pypfilt.resample - WARNING - Mean values:    [  2.46456439  10.54272179   7.86267147   0.47776206   6.18430167
 383.3322927 ]
2025-11-05 09:07:58,019 - pypfilt.resample - WARNING - Covariance matrix:
      [[ 8.19307433e-01 -2.84132611e+00  2.17028838e+00  7.10614075e-02
         1.43315307e+00  6.65955414e+01]
       [-2.84132611e+00  9.85373761e+00 -7.52638565e+00 -2.46430619e-01
        -4.97021202e+00 -2.30948551e+02]
       [ 2.17028838e+00 -7.52638565e+00  5.74900460e+00  1.88241936e-01
         3.79625846e+00  1.76408459e+02]
       [ 7.10614075e-02 -2.46430619e-01  1.88241936e-01  6.16384536e-03
         1.24296962e-01  5.77619188e+00]
       [ 1.43315307e+00 -4.97021202e+00  3.79625846e+00  1.24296962e-01
         2.50697421e+00  1.16489021e+02]
       [ 6.65955414e+01 -2.30948551e+02  1.76408459e+02  5.77619188e+00
         1.16489021e+02  5.41310376e+03]]
2025-11-05 09:08:12,349 - pypfilt - INFO -   09:08:12  Forecasting from 14.0 to 21.0
2025-11-05 09:08:12,551 - pypfilt - INFO -   09:08:12  Forecasting from 14.0 to 21.0
2025-11-05 09:08:13,679 - pypfilt - INFO -   09:08:13  Forecasting from 14.0 to 21.0
2025-11-05 09:08:17,704 - pypfilt - INFO -   09:08:17  Forecasting from 14.0 to 21.0
2025-11-05 09:08:20,335 - pypfilt - INFO -   09:08:20  Forecasting from 14.0 to 21.0
2025-11-05 09:08:34,696 - __main__ - ERROR - Sample 1: Failed with error: Snapshot time is 21.0, but expected 0.0
2025-11-05 09:08:35,101 - __main__ - ERROR - Sample 4: Failed with error: Snapshot time is 21.0, but expected 0.0
2025-11-05 09:08:35,993 - __main__ - ERROR - Sample 0: Failed with error: Snapshot time is 21.0, but expected 0.0
2025-11-05 09:08:39,602 - __main__ - ERROR - Sample 3: Failed with error: Snapshot time is 21.0, but expected 0.0
2025-11-05 09:08:42,290 - __main__ - ERROR - Sample 2: Failed with error: Snapshot time is 21.0, but expected 0.0
2025-11-05 09:08:42,313 - __main__ - WARNING - 5/5 samples failed
2025-11-05 09:08:42,313 - __main__ - INFO - Saving results to results/posterior_predictive/20251105_090132/445602
2025-11-05 09:08:42,812 - __main__ - ERROR - Failed to process patient 445602: 'median'
Traceback (most recent call last):
  File "/fred/oz022/tkimpson/sandbox/TEIVR/JSFGermano2024/TEIVR_Results/particle-filter-example-tiv_covid/COVID_TEIVR_Predict.py", line 421, in main
    process_patient(
  File "/fred/oz022/tkimpson/sandbox/TEIVR/JSFGermano2024/TEIVR_Results/particle-filter-example-tiv_covid/COVID_TEIVR_Predict.py", line 270, in process_patient
    pp.save_predictions(
  File "/fred/oz022/tkimpson/sandbox/TEIVR/JSFGermano2024/TEIVR_Results/particle-filter-example-tiv_covid/src/posterior_predictive.py", line 616, in save_predictions
    median_acc[i] = stats['median']
KeyError: 'median'
2025-11-05 09:08:42,812 - __main__ - INFO - 
============================================================
2025-11-05 09:08:42,812 - __main__ - INFO - Processing patient: 451152
2025-11-05 09:08:42,812 - __main__ - INFO - ============================================================
2025-11-05 09:08:42,812 - __main__ - INFO - Loading posterior and sampling 5 parameter sets
2025-11-05 09:08:42,813 - src.posterior_predictive - INFO - Loading posterior from results/npe/20250103_existing_primary/models/posterior_N10000.pkl
2025-11-05 09:08:42,825 - src.posterior_predictive - INFO - Sampling 5 parameter sets from posterior
2025-11-05 09:08:42,832 - __main__ - INFO - Observation horizon: T=14.0 days
2025-11-05 09:08:42,832 - __main__ - INFO - Prediction horizon: H=14 days beyond observations
2025-11-05 09:08:42,833 - __main__ - INFO - Processing 5 samples with 5 particles each
2025-11-05 09:08:42,833 - __main__ - INFO - Using parallel processing with 8 workers
2025-11-05 09:08:42,900 - __main__ - INFO - Sample 2: Running particle filter
2025-11-05 09:08:42,900 - __main__ - INFO - Sample 3: Running particle filter
2025-11-05 09:08:42,900 - __main__ - INFO - Sample 1: Running particle filter
2025-11-05 09:08:42,900 - __main__ - INFO - Sample 4: Running particle filter
2025-11-05 09:08:42,901 - __main__ - INFO - Sample 0: Running particle filter
2025-11-05 09:08:42,918 - pypfilt - INFO -   09:08:42  Estimating  from 0.0 to 14.0
2025-11-05 09:08:42,918 - pypfilt - INFO -   09:08:42  Estimating  from 0.0 to 14.0
2025-11-05 09:08:42,918 - pypfilt - INFO -   09:08:42  Estimating  from 0.0 to 14.0
2025-11-05 09:08:42,919 - pypfilt - INFO -   09:08:42  Estimating  from 0.0 to 14.0
2025-11-05 09:08:42,919 - pypfilt - INFO -   09:08:42  Estimating  from 0.0 to 14.0
2025-11-05 09:08:46,198 - pypfilt.resample - WARNING - Post-RPF Cholesky decomposition: Matrix is not positive definite
2025-11-05 09:08:46,199 - pypfilt.resample - WARNING - Post-RPF parameters: lnV0, beta, phi, rho, delta, pi
2025-11-05 09:08:46,199 - pypfilt.resample - WARNING - Minimum values: [6.72318902e-02 3.15891590e+00 2.49790332e+00 7.00802654e-02
 1.11168723e+00 2.20653315e+02]
2025-11-05 09:08:46,199 - pypfilt.resample - WARNING - Maximum values: [  4.25095322  16.26779116  12.47232573   0.86292134  10.20706639
 533.59201554]
2025-11-05 09:08:46,199 - pypfilt.resample - WARNING - Mean values:    [  2.29680684   9.61654513   7.32157576   0.49866606   5.97881632
 384.45919648]
2025-11-05 09:08:46,199 - pypfilt.resample - WARNING - Covariance matrix:
      [[ 3.72039848e+00 -7.51961676e+00  7.87587560e+00  1.48042758e-01
         3.48932349e+00  8.17575557e+01]
       [-7.51961676e+00  2.56733792e+01 -2.40706475e+01  1.72096371e-01
        -9.29159968e+00  4.19956941e+01]
       [ 7.87587560e+00 -2.40706475e+01  2.31815359e+01  1.16770488e-02
         1.03076562e+01  3.27130967e+01]
       [ 1.48042758e-01  1.72096371e-01  1.16770488e-02  5.65250357e-02
         5.43232470e-01  2.24666946e+01]
       [ 3.48932349e+00 -9.29159968e+00  1.03076562e+01  5.43232470e-01
         1.26052236e+01  1.99292053e+02]
       [ 8.17575557e+01  4.19956941e+01  3.27130967e+01  2.24666946e+01
         1.99292053e+02  9.26345388e+03]]
2025-11-05 09:08:52,698 - pypfilt.resample - WARNING - Post-RPF Cholesky decomposition: Matrix is not positive definite
2025-11-05 09:08:52,698 - pypfilt.resample - WARNING - Post-RPF parameters: lnV0, beta, phi, rho, delta, pi
2025-11-05 09:08:52,698 - pypfilt.resample - WARNING - Minimum values: [7.21553093e-01 3.01062053e-01 2.24827075e+00 1.09598073e-01
 2.73747170e+00 2.70189256e+02]
2025-11-05 09:08:52,698 - pypfilt.resample - WARNING - Maximum values: [  4.85206436  19.71808947  13.96831493   0.99780428   9.13269283
 570.18398964]
2025-11-05 09:08:52,698 - pypfilt.resample - WARNING - Mean values:    [  2.68727238  10.48734261   7.6649614    0.51134292   5.90086415
 419.21101976]
2025-11-05 09:08:52,699 - pypfilt.resample - WARNING - Covariance matrix:
      [[ 8.52641936e+00  2.45599942e+01  2.41931419e+01  6.05460603e-01
         9.78110733e+00 -1.72126174e+02]
       [ 2.45599942e+01  7.08000661e+01  6.96946602e+01  1.74173171e+00
         2.81793865e+01 -4.96551056e+02]
       [ 2.41931419e+01  6.96946602e+01  6.86493583e+01  1.71776036e+00
         2.77534330e+01 -4.88439506e+02]
       [ 6.05460603e-01  1.74173171e+00  1.71776036e+00  4.31014352e-02
         6.94413037e-01 -1.21893637e+01]
       [ 9.78110733e+00  2.81793865e+01  2.77534330e+01  6.94413037e-01
         1.12220145e+01 -1.97539112e+02]
       [-1.72126174e+02 -4.96551056e+02 -4.88439506e+02 -1.21893637e+01
        -1.97539112e+02  3.48630279e+03]]
2025-11-05 09:08:57,781 - pypfilt.resample - WARNING - Post-RPF Cholesky decomposition: Matrix is not positive definite
2025-11-05 09:08:57,781 - pypfilt.resample - WARNING - Post-RPF parameters: lnV0, beta, phi, rho, delta, pi
2025-11-05 09:08:57,782 - pypfilt.resample - WARNING - Minimum values: [9.23212289e-01 3.84025568e+00 2.14905502e+00 1.33740512e-01
 2.65924653e+00 2.51277375e+02]
2025-11-05 09:08:57,782 - pypfilt.resample - WARNING - Maximum values: [  4.62165395  19.23431385  13.50432301   0.81313466  10.57166855
 593.60813745]
2025-11-05 09:08:57,782 - pypfilt.resample - WARNING - Mean values:    [  2.73332941  10.69510573   7.552059     0.49975417   5.90916256
 410.05619091]
2025-11-05 09:08:57,782 - pypfilt.resample - WARNING - Covariance matrix:
      [[ 3.25136040e+00 -4.42329230e+00  3.97380014e+00  2.84650605e-01
         7.68288147e+00 -3.87903944e+02]
       [-4.42329230e+00  1.54815913e+01  5.77447443e-01 -9.36433897e-01
        -1.22338209e+01  5.81366062e+02]
       [ 3.97380014e+00  5.77447443e-01  8.64206187e+00  8.95093648e-04
         8.26922939e+00 -4.40259383e+02]
       [ 2.84650605e-01 -9.36433897e-01  8.95093648e-04  5.68106200e-02
         7.76579025e-01 -3.70812979e+01]
       [ 7.68288147e+00 -1.22338209e+01  8.26922939e+00  7.76579025e-01
         1.85048341e+01 -9.26919482e+02]
       [-3.87903944e+02  5.81366062e+02 -4.40259383e+02 -3.70812979e+01
        -9.26919482e+02  4.65860398e+04]]
2025-11-05 09:09:07,857 - pypfilt.resample - WARNING - Post-RPF Cholesky decomposition: Matrix is not positive definite
2025-11-05 09:09:07,857 - pypfilt.resample - WARNING - Post-RPF parameters: lnV0, beta, phi, rho, delta, pi
2025-11-05 09:09:07,857 - pypfilt.resample - WARNING - Minimum values: [3.70459706e-01 2.65940343e+00 1.41328862e+00 8.73434778e-02
 2.11406430e+00 2.07203829e+02]
2025-11-05 09:09:07,857 - pypfilt.resample - WARNING - Maximum values: [  4.46955581  18.27496478  14.29499657   0.88170573  10.32383303
 556.95017842]
2025-11-05 09:09:07,857 - pypfilt.resample - WARNING - Mean values:    [  2.46456439  10.54272179   7.86267147   0.47776206   6.18430167
 383.3322927 ]
2025-11-05 09:09:07,858 - pypfilt.resample - WARNING - Covariance matrix:
      [[ 8.19308114e-01 -2.84134048e+00  2.17028191e+00  7.10607674e-02
         1.43316288e+00  6.65953951e+01]
       [-2.84134048e+00  9.85369968e+00 -7.52648420e+00 -2.46436975e-01
        -4.97017412e+00 -2.30951192e+02]
       [ 2.17028191e+00 -7.52648420e+00  5.74890404e+00  1.88234328e-01
         3.79633405e+00  1.76405900e+02]
       [ 7.10607674e-02 -2.46436975e-01  1.88234328e-01  6.16329050e-03
         1.24302002e-01  5.77599582e+00]
       [ 1.43316288e+00 -4.97017412e+00  3.79633405e+00  1.24302002e-01
         2.50693970e+00  1.16491027e+02]
       [ 6.65953951e+01 -2.30951192e+02  1.76405900e+02  5.77599582e+00
         1.16491027e+02  5.41303897e+03]]
2025-11-05 09:09:10,170 - pypfilt.resample - WARNING - Post-RPF Cholesky decomposition: Matrix is not positive definite
2025-11-05 09:09:10,170 - pypfilt.resample - WARNING - Post-RPF parameters: lnV0, beta, phi, rho, delta, pi
2025-11-05 09:09:10,170 - pypfilt.resample - WARNING - Minimum values: [2.46186895e-01 2.54051465e+00 1.86636428e+00 1.46257812e-01
 1.89343442e+00 2.65430277e+02]
2025-11-05 09:09:10,170 - pypfilt.resample - WARNING - Maximum values: [  4.08088209  17.31302921  12.92705913   0.88175062  10.69404176
 574.28927517]
2025-11-05 09:09:10,171 - pypfilt.resample - WARNING - Mean values:    [  2.45698667  10.30281936   7.93806667   0.4742918    6.23933118
 419.3258669 ]
2025-11-05 09:09:10,171 - pypfilt.resample - WARNING - Covariance matrix:
      [[ 2.19591995e+00 -6.09474879e+00  7.89600749e+00  4.94841509e-01
         2.22079922e+00 -6.28917927e+01]
       [-6.09474879e+00  1.69159003e+01 -2.19152717e+01 -1.37342646e+00
        -6.16380168e+00  1.74555440e+02]
       [ 7.89600749e+00 -2.19152717e+01  2.83921713e+01  1.77933256e+00
         7.98546971e+00 -2.26144102e+02]
       [ 4.94841509e-01 -1.37342646e+00  1.77933256e+00  1.11510547e-01
         5.00447259e-01 -1.41723675e+01]
       [ 2.22079922e+00 -6.16380168e+00  7.98546971e+00  5.00447259e-01
         2.24596941e+00 -6.36048494e+01]
       [-6.28917927e+01  1.74555440e+02 -2.26144102e+02 -1.41723675e+01
        -6.36048494e+01  1.80126786e+03]]
2025-11-05 09:09:30,606 - pypfilt - INFO -   09:09:30  Forecasting from 14.0 to 21.0
2025-11-05 09:09:36,987 - pypfilt - INFO -   09:09:36  Forecasting from 14.0 to 21.0
2025-11-05 09:09:38,025 - pypfilt - INFO -   09:09:38  Forecasting from 14.0 to 21.0
2025-11-05 09:09:40,328 - pypfilt - INFO -   09:09:40  Forecasting from 14.0 to 21.0
2025-11-05 09:09:52,356 - pypfilt - INFO -   09:09:52  Forecasting from 14.0 to 21.0
2025-11-05 09:09:52,501 - __main__ - ERROR - Sample 1: Failed with error: Snapshot time is 21.0, but expected 0.0
2025-11-05 09:09:59,994 - __main__ - ERROR - Sample 3: Failed with error: Snapshot time is 21.0, but expected 0.0
2025-11-05 09:10:01,658 - __main__ - ERROR - Sample 4: Failed with error: Snapshot time is 21.0, but expected 0.0
2025-11-05 09:10:02,049 - __main__ - ERROR - Sample 0: Failed with error: Snapshot time is 21.0, but expected 0.0
2025-11-05 09:10:13,992 - __main__ - ERROR - Sample 2: Failed with error: Snapshot time is 21.0, but expected 0.0
2025-11-05 09:10:14,014 - __main__ - WARNING - 5/5 samples failed
2025-11-05 09:10:14,014 - __main__ - INFO - Saving results to results/posterior_predictive/20251105_090132/451152
2025-11-05 09:10:14,586 - __main__ - ERROR - Failed to process patient 451152: 'median'
Traceback (most recent call last):
  File "/fred/oz022/tkimpson/sandbox/TEIVR/JSFGermano2024/TEIVR_Results/particle-filter-example-tiv_covid/COVID_TEIVR_Predict.py", line 421, in main
    process_patient(
  File "/fred/oz022/tkimpson/sandbox/TEIVR/JSFGermano2024/TEIVR_Results/particle-filter-example-tiv_covid/COVID_TEIVR_Predict.py", line 270, in process_patient
    pp.save_predictions(
  File "/fred/oz022/tkimpson/sandbox/TEIVR/JSFGermano2024/TEIVR_Results/particle-filter-example-tiv_covid/src/posterior_predictive.py", line 616, in save_predictions
    median_acc[i] = stats['median']
KeyError: 'median'
2025-11-05 09:10:14,587 - __main__ - INFO - 
============================================================
2025-11-05 09:10:14,587 - __main__ - INFO - All patients completed in 522.4s
2025-11-05 09:10:14,587 - __main__ - INFO - Results saved to: results/posterior_predictive/20251105_090132
2025-11-05 09:10:14,587 - __main__ - INFO - ============================================================
