2025-11-05 09:31:39,156 - __main__ - INFO - ============================================================
2025-11-05 09:31:39,157 - __main__ - INFO - COVID TIV Posterior Predictive Simulation
2025-11-05 09:31:39,157 - __main__ - INFO - ============================================================
2025-11-05 09:31:39,157 - __main__ - INFO - Posterior run: results/npe/20250103_existing_primary
2025-11-05 09:31:39,157 - __main__ - INFO - Output directory: results/posterior_predictive/20251105_093139
2025-11-05 09:31:39,157 - __main__ - INFO - Configuration: config/cli-refractory-tiv-jsf.toml
2025-11-05 09:31:39,157 - __main__ - INFO - pypfilt config: config/cli-refractory-tiv-jsf.toml
2025-11-05 09:31:39,157 - __main__ - INFO - Number of samples: 5
2025-11-05 09:31:39,157 - __main__ - INFO - Particles per filter: 5
2025-11-05 09:31:39,157 - __main__ - INFO - Prediction horizon: 14 days
2025-11-05 09:31:39,157 - __main__ - INFO - Random seed: 42
2025-11-05 09:31:39,157 - __main__ - INFO - Parallel workers: 8
2025-11-05 09:31:39,158 - __main__ - INFO - Auto-detected 6 patients: ['432192', '443108', '444332', '444391', '445602', '451152']
2025-11-05 09:31:39,158 - __main__ - INFO - 
============================================================
2025-11-05 09:31:39,158 - __main__ - INFO - Processing patient: 432192
2025-11-05 09:31:39,158 - __main__ - INFO - ============================================================
2025-11-05 09:31:39,158 - __main__ - INFO - Loading posterior and sampling 5 parameter sets
2025-11-05 09:31:39,159 - src.posterior_predictive - INFO - Loading posterior from results/npe/20250103_existing_primary/models/posterior_N10000.pkl
2025-11-05 09:31:41,033 - arviz.preview - INFO - arviz_base not installed
2025-11-05 09:31:41,033 - arviz.preview - INFO - arviz_stats not installed
2025-11-05 09:31:41,033 - arviz.preview - INFO - arviz_plots not installed
2025-11-05 09:31:41,098 - src.posterior_predictive - INFO - Sampling 5 parameter sets from posterior
2025-11-05 09:31:41,108 - __main__ - INFO - Observation horizon: T=14.0 days
2025-11-05 09:31:41,108 - __main__ - INFO - Prediction horizon: H=14 days beyond observations
2025-11-05 09:31:41,109 - __main__ - INFO - Processing 5 samples with 5 particles each
2025-11-05 09:31:41,109 - __main__ - INFO - Using parallel processing with 8 workers
2025-11-05 09:31:41,229 - __main__ - INFO - Sample 1: Running particle filter
2025-11-05 09:31:41,229 - __main__ - INFO - Sample 2: Running particle filter
2025-11-05 09:31:41,229 - __main__ - INFO - Sample 3: Running particle filter
2025-11-05 09:31:41,229 - __main__ - INFO - Sample 4: Running particle filter
2025-11-05 09:31:41,229 - __main__ - INFO - Sample 0: Running particle filter
2025-11-05 09:31:41,248 - pypfilt - INFO -   09:31:41  Estimating  from 0.0 to 14.0
2025-11-05 09:31:41,248 - pypfilt - INFO -   09:31:41  Estimating  from 0.0 to 14.0
2025-11-05 09:31:41,248 - pypfilt - INFO -   09:31:41  Estimating  from 0.0 to 14.0
2025-11-05 09:31:41,248 - pypfilt - INFO -   09:31:41  Estimating  from 0.0 to 14.0
2025-11-05 09:31:41,249 - pypfilt - INFO -   09:31:41  Estimating  from 0.0 to 14.0
2025-11-05 09:31:45,675 - pypfilt.resample - WARNING - Post-RPF Cholesky decomposition: Matrix is not positive definite
2025-11-05 09:31:45,675 - pypfilt.resample - WARNING - Post-RPF parameters: lnV0, beta, phi, rho, delta, pi
2025-11-05 09:31:45,675 - pypfilt.resample - WARNING - Minimum values: [2.46186895e-01 2.54051465e+00 1.86636428e+00 1.46257812e-01
 1.89343442e+00 2.65430277e+02]
2025-11-05 09:31:45,675 - pypfilt.resample - WARNING - Maximum values: [  4.08088209  17.31302921  12.92705913   0.88175062  10.69404176
 574.28927517]
2025-11-05 09:31:45,675 - pypfilt.resample - WARNING - Mean values:    [  2.45698667  10.30281936   7.93806667   0.4742918    6.23933118
 419.3258669 ]
2025-11-05 09:31:45,675 - pypfilt.resample - WARNING - Covariance matrix:
      [[ 1.04213941e+00 -2.52314358e+00  2.99753683e+00  4.40386023e-01
        -1.62838293e+00  1.23279533e+02]
       [-2.52314358e+00  6.79745938e+00 -7.34515943e+00 -1.09447150e+00
         4.41656814e+00 -3.12642743e+02]
       [ 2.99753683e+00 -7.34515943e+00  8.91767511e+00  1.27860351e+00
        -4.78848748e+00  3.55643283e+02]
       [ 4.40386023e-01 -1.09447150e+00  1.27860351e+00  1.87942824e-01
        -7.14464250e-01  5.29468245e+01]
       [-1.62838293e+00  4.41656814e+00 -4.78848748e+00 -7.14464250e-01
         2.94845982e+00 -2.05957893e+02]
       [ 1.23279533e+02 -3.12642743e+02  3.55643283e+02  5.29468245e+01
        -2.05957893e+02  1.50694205e+04]]
2025-11-05 09:31:46,271 - pypfilt.resample - WARNING - Post-RPF Cholesky decomposition: Matrix is not positive definite
2025-11-05 09:31:46,271 - pypfilt.resample - WARNING - Post-RPF parameters: lnV0, beta, phi, rho, delta, pi
2025-11-05 09:31:46,271 - pypfilt.resample - WARNING - Minimum values: [6.72318902e-02 3.15891590e+00 2.49790332e+00 7.00802654e-02
 1.11168723e+00 2.20653315e+02]
2025-11-05 09:31:46,271 - pypfilt.resample - WARNING - Maximum values: [  4.25095322  16.26779116  12.47232573   0.86292134  10.20706639
 533.59201554]
2025-11-05 09:31:46,271 - pypfilt.resample - WARNING - Mean values:    [  2.29680684   9.61654513   7.32157576   0.49866606   5.97881632
 384.45919648]
2025-11-05 09:31:46,271 - pypfilt.resample - WARNING - Covariance matrix:
      [[ 2.26757526e+00 -3.13520331e-01  1.07427926e+00  8.38908863e-02
        -2.08566783e+00  6.59678469e+01]
       [-3.13520331e-01  3.83182641e+01 -2.99171003e+01  1.45579823e+00
        -1.05251537e+01  6.35627265e+02]
       [ 1.07427926e+00 -2.99171003e+01  2.36854871e+01 -1.08686965e+00
         7.64821709e+00 -4.64879921e+02]
       [ 8.38908863e-02  1.45579823e+00 -1.08686965e+00  6.84048273e-02
        -3.52454350e-01  3.04445427e+01]
       [-2.08566783e+00 -1.05251537e+01  7.64821709e+00 -3.52454350e-01
         7.11898963e+00 -1.92241929e+02]
       [ 6.59678469e+01  6.35627265e+02 -4.64879921e+02  3.04445427e+01
        -1.92241929e+02  1.39737092e+04]]
2025-11-05 09:31:49,560 - pypfilt.resample - WARNING - Post-RPF Cholesky decomposition: Matrix is not positive definite
2025-11-05 09:31:49,560 - pypfilt.resample - WARNING - Post-RPF parameters: lnV0, beta, phi, rho, delta, pi
2025-11-05 09:31:49,561 - pypfilt.resample - WARNING - Minimum values: [3.70459706e-01 2.65940343e+00 1.41328862e+00 8.73434778e-02
 2.11406430e+00 2.07203829e+02]
2025-11-05 09:31:49,561 - pypfilt.resample - WARNING - Maximum values: [  4.46955581  18.27496478  14.29499657   0.88170573  10.32383303
 556.95017842]
2025-11-05 09:31:49,561 - pypfilt.resample - WARNING - Mean values:    [  2.46456439  10.54272179   7.86267147   0.47776206   6.18430167
 383.3322927 ]
2025-11-05 09:31:49,561 - pypfilt.resample - WARNING - Covariance matrix:
      [[ 2.52612391e+00  6.14508390e+00  1.31559099e+01  8.46089261e-01
        -3.23437106e+00  3.64815873e+02]
       [ 6.14508390e+00  2.03362711e+01  2.80806485e+01  1.88860699e+00
        -5.58843829e+00  7.96985801e+02]
       [ 1.31559099e+01  2.80806485e+01  7.17325812e+01  4.55196022e+00
        -1.87500583e+01  1.97606924e+03]
       [ 8.46089261e-01  1.88860699e+00  4.55196022e+00  2.90075569e-01
        -1.17012760e+00  1.25664083e+02]
       [-3.23437106e+00 -5.58843829e+00 -1.87500583e+01 -1.17012760e+00
         5.27456225e+00 -5.12303935e+02]
       [ 3.64815873e+02  7.96985801e+02  1.97606924e+03  1.25664083e+02
        -5.12303935e+02  5.44982722e+04]]
2025-11-05 09:31:50,483 - pypfilt.resample - WARNING - Post-RPF Cholesky decomposition: Matrix is not positive definite
2025-11-05 09:31:50,483 - pypfilt.resample - WARNING - Post-RPF parameters: lnV0, beta, phi, rho, delta, pi
2025-11-05 09:31:50,483 - pypfilt.resample - WARNING - Minimum values: [9.23212289e-01 3.84025568e+00 2.14905502e+00 1.33740512e-01
 2.65924653e+00 2.51277375e+02]
2025-11-05 09:31:50,483 - pypfilt.resample - WARNING - Maximum values: [  4.62165395  19.23431385  13.50432301   0.81313466  10.57166855
 593.60813745]
2025-11-05 09:31:50,484 - pypfilt.resample - WARNING - Mean values:    [  2.73332941  10.69510573   7.552059     0.49975417   5.90916256
 410.05619091]
2025-11-05 09:31:50,484 - pypfilt.resample - WARNING - Covariance matrix:
      [[ 3.40839495e+00  6.57472752e+00  7.44302696e+00 -1.20783748e-01
         7.45757970e+00 -2.57902512e+02]
       [ 6.57472752e+00  3.95286142e+01  3.03550678e+01 -1.25816046e+00
         1.86410358e+01 -3.67735961e+02]
       [ 7.44302696e+00  3.03550678e+01  3.15601454e+01 -1.02515685e+00
         2.02975697e+01 -6.33606321e+02]
       [-1.20783748e-01 -1.25816046e+00 -1.02515685e+00  5.02963353e-02
        -4.09764191e-01  7.76028530e+00]
       [ 7.45757970e+00  1.86410358e+01  2.02975697e+01 -4.09764191e-01
         1.84151770e+01 -5.86685768e+02]
       [-2.57902512e+02 -3.67735961e+02 -6.33606321e+02  7.76028530e+00
        -5.86685768e+02  2.39478124e+04]]
2025-11-05 09:32:08,765 - pypfilt.resample - WARNING - Post-RPF Cholesky decomposition: Matrix is not positive definite
2025-11-05 09:32:08,765 - pypfilt.resample - WARNING - Post-RPF parameters: lnV0, beta, phi, rho, delta, pi
2025-11-05 09:32:08,766 - pypfilt.resample - WARNING - Minimum values: [7.21553093e-01 3.01062053e-01 2.24827075e+00 1.09598073e-01
 2.73747170e+00 2.70189256e+02]
2025-11-05 09:32:08,766 - pypfilt.resample - WARNING - Maximum values: [  4.85206436  19.71808947  13.96831493   0.99780428   9.13269283
 570.18398964]
2025-11-05 09:32:08,766 - pypfilt.resample - WARNING - Mean values:    [  2.68727238  10.48734261   7.6649614    0.51134292   5.90086415
 419.21101976]
2025-11-05 09:32:08,766 - pypfilt.resample - WARNING - Covariance matrix:
      [[ 5.01201306e+00  1.25200914e+01  6.06222116e+00 -4.22789963e-01
         3.23599421e+00 -2.97325091e+02]
       [ 1.25200914e+01  3.12753953e+01  1.51435312e+01 -1.05613620e+00
         8.08356618e+00 -7.42722918e+02]
       [ 6.06222116e+00  1.51435312e+01  7.33251139e+00 -5.11379797e-01
         3.91405015e+00 -3.59625448e+02]
       [-4.22789963e-01 -1.05613620e+00 -5.11379797e-01  3.56646170e-02
        -2.72973540e-01  2.50809735e+01]
       [ 3.23599421e+00  8.08356618e+00  3.91405015e+00 -2.72973540e-01
         2.08931572e+00 -1.91967449e+02]
       [-2.97325091e+02 -7.42722918e+02 -3.59625448e+02  2.50809735e+01
        -1.91967449e+02  1.76380799e+04]]
2025-11-05 09:32:26,101 - pypfilt - INFO -   09:32:26  Forecasting from 14.0 to 21.0
2025-11-05 09:32:31,006 - pypfilt - INFO -   09:32:31  Forecasting from 14.0 to 21.0
2025-11-05 09:32:34,295 - pypfilt - INFO -   09:32:34  Forecasting from 14.0 to 21.0
2025-11-05 09:32:36,274 - pypfilt - INFO -   09:32:36  Forecasting from 14.0 to 21.0
2025-11-05 09:32:38,881 - pypfilt - INFO -   09:32:38  Forecasting from 14.0 to 21.0
2025-11-05 09:32:48,733 - __main__ - ERROR - Sample 4: Failed with error: only integer scalar arrays can be converted to a scalar index
2025-11-05 09:32:53,472 - __main__ - ERROR - Sample 0: Failed with error: only integer scalar arrays can be converted to a scalar index
2025-11-05 09:32:56,665 - __main__ - ERROR - Sample 2: Failed with error: only integer scalar arrays can be converted to a scalar index
2025-11-05 09:32:58,776 - __main__ - ERROR - Sample 3: Failed with error: only integer scalar arrays can be converted to a scalar index
2025-11-05 09:33:02,195 - __main__ - ERROR - Sample 1: Failed with error: only integer scalar arrays can be converted to a scalar index
2025-11-05 09:33:02,213 - __main__ - WARNING - 5/5 samples failed
2025-11-05 09:33:02,213 - __main__ - INFO - Saving results to results/posterior_predictive/20251105_093139/432192
2025-11-05 09:33:02,525 - src.posterior_predictive - WARNING - No valid filter trajectories to save
2025-11-05 09:33:02,525 - src.posterior_predictive - INFO - Results saved to results/posterior_predictive/20251105_093139/432192
2025-11-05 09:33:02,525 - __main__ - INFO - Patient 432192 completed in 83.4s (16.67s per sample)
2025-11-05 09:33:02,539 - __main__ - INFO - 
============================================================
2025-11-05 09:33:02,539 - __main__ - INFO - Processing patient: 443108
2025-11-05 09:33:02,539 - __main__ - INFO - ============================================================
2025-11-05 09:33:02,539 - __main__ - INFO - Loading posterior and sampling 5 parameter sets
2025-11-05 09:33:02,540 - src.posterior_predictive - INFO - Loading posterior from results/npe/20250103_existing_primary/models/posterior_N10000.pkl
2025-11-05 09:33:02,555 - src.posterior_predictive - INFO - Sampling 5 parameter sets from posterior
2025-11-05 09:33:02,575 - __main__ - INFO - Observation horizon: T=14.0 days
2025-11-05 09:33:02,575 - __main__ - INFO - Prediction horizon: H=14 days beyond observations
2025-11-05 09:33:02,576 - __main__ - INFO - Processing 5 samples with 5 particles each
2025-11-05 09:33:02,576 - __main__ - INFO - Using parallel processing with 8 workers
2025-11-05 09:33:02,668 - __main__ - INFO - Sample 4: Running particle filter
2025-11-05 09:33:02,668 - __main__ - INFO - Sample 3: Running particle filter
2025-11-05 09:33:02,668 - __main__ - INFO - Sample 2: Running particle filter
2025-11-05 09:33:02,669 - __main__ - INFO - Sample 0: Running particle filter
2025-11-05 09:33:02,671 - __main__ - INFO - Sample 1: Running particle filter
2025-11-05 09:33:02,704 - pypfilt - INFO -   09:33:02  Estimating  from 0.0 to 14.0
2025-11-05 09:33:02,704 - pypfilt - INFO -   09:33:02  Estimating  from 0.0 to 14.0
2025-11-05 09:33:02,704 - pypfilt - INFO -   09:33:02  Estimating  from 0.0 to 14.0
2025-11-05 09:33:02,704 - pypfilt - INFO -   09:33:02  Estimating  from 0.0 to 14.0
2025-11-05 09:33:02,705 - pypfilt - INFO -   09:33:02  Estimating  from 0.0 to 14.0
2025-11-05 09:33:10,908 - pypfilt.resample - WARNING - Post-RPF Cholesky decomposition: Matrix is not positive definite
2025-11-05 09:33:10,908 - pypfilt.resample - WARNING - Post-RPF parameters: lnV0, beta, phi, rho, delta, pi
2025-11-05 09:33:10,909 - pypfilt.resample - WARNING - Minimum values: [3.70459706e-01 2.65940343e+00 1.41328862e+00 8.73434778e-02
 2.11406430e+00 2.07203829e+02]
2025-11-05 09:33:10,909 - pypfilt.resample - WARNING - Maximum values: [  4.46955581  18.27496478  14.29499657   0.88170573  10.32383303
 556.95017842]
2025-11-05 09:33:10,909 - pypfilt.resample - WARNING - Mean values:    [  2.46456439  10.54272179   7.86267147   0.47776206   6.18430167
 383.3322927 ]
2025-11-05 09:33:10,909 - pypfilt.resample - WARNING - Covariance matrix:
      [[ 3.66212527e+00  7.03254568e+00  1.02812488e+01  6.66736327e-01
         1.31501411e+00  2.67722819e+02]
       [ 7.03254568e+00  2.48459417e+01  2.14887210e+01  1.54970510e+00
        -3.45129061e-01  5.75212160e+02]
       [ 1.02812488e+01  2.14887210e+01  3.84108492e+01  2.47256725e+00
        -2.60875466e+00  1.04155412e+03]
       [ 6.66736327e-01  1.54970510e+00  2.47256725e+00  1.61528778e-01
        -1.83681064e-01  6.70379474e+01]
       [ 1.31501411e+00 -3.45129061e-01 -2.60875466e+00 -1.83681064e-01
         4.99958014e+00 -9.26701172e+01]
       [ 2.67722819e+02  5.75212160e+02  1.04155412e+03  6.70379474e+01
        -9.26701172e+01  2.85265819e+04]]
2025-11-05 09:33:11,958 - pypfilt.resample - WARNING - Post-RPF Cholesky decomposition: Matrix is not positive definite
2025-11-05 09:33:11,958 - pypfilt.resample - WARNING - Post-RPF parameters: lnV0, beta, phi, rho, delta, pi
2025-11-05 09:33:11,958 - pypfilt.resample - WARNING - Minimum values: [7.21553093e-01 3.01062053e-01 2.24827075e+00 1.09598073e-01
 2.73747170e+00 2.70189256e+02]
2025-11-05 09:33:11,958 - pypfilt.resample - WARNING - Maximum values: [  4.85206436  19.71808947  13.96831493   0.99780428   9.13269283
 570.18398964]
2025-11-05 09:33:11,958 - pypfilt.resample - WARNING - Mean values:    [  2.68727238  10.48734261   7.6649614    0.51134292   5.90086415
 419.21101976]
2025-11-05 09:33:11,959 - pypfilt.resample - WARNING - Covariance matrix:
      [[ 5.01168122e+00  1.25207109e+01  6.06464779e+00 -4.22613066e-01
         3.23593583e+00 -2.97251342e+02]
       [ 1.25207109e+01  3.12963392e+01  1.51558421e+01 -1.05621965e+00
         8.08630874e+00 -7.42767429e+02]
       [ 6.06464779e+00  1.51558421e+01  7.34564823e+00 -5.11168746e-01
         3.91560113e+00 -3.59592295e+02]
       [-4.22613066e-01 -1.05621965e+00 -5.11168746e-01  3.56772760e-02
        -2.72898013e-01  2.50793389e+01]
       [ 3.23593583e+00  8.08630874e+00  3.91560113e+00 -2.72898013e-01
         2.09043456e+00 -1.91967320e+02]
       [-2.97251342e+02 -7.42767429e+02 -3.59592295e+02  2.50793389e+01
        -1.91967320e+02  1.76360154e+04]]
2025-11-05 09:33:40,713 - pypfilt.resample - WARNING - Post-RPF Cholesky decomposition: Matrix is not positive definite
2025-11-05 09:33:40,714 - pypfilt.resample - WARNING - Post-RPF parameters: lnV0, beta, phi, rho, delta, pi
2025-11-05 09:33:40,715 - pypfilt.resample - WARNING - Minimum values: [9.23212289e-01 3.84025568e+00 2.14905502e+00 1.33740512e-01
 2.65924653e+00 2.51277375e+02]
2025-11-05 09:33:40,715 - pypfilt.resample - WARNING - Maximum values: [  4.62165395  19.23431385  13.50432301   0.81313466  10.57166855
 593.60813745]
2025-11-05 09:33:40,715 - pypfilt.resample - WARNING - Mean values:    [  2.73332941  10.69510573   7.552059     0.49975417   5.90916256
 410.05619091]
2025-11-05 09:33:40,715 - pypfilt.resample - WARNING - Covariance matrix:
      [[ 1.40596381e+00 -6.91410934e+00 -3.37723141e+00  2.21489228e-01
        -7.95348529e-01 -1.23984080e+02]
       [-6.91410934e+00  3.73429585e+01  1.81770742e+01 -1.33706550e+00
         1.85940877e+00  6.48935062e+02]
       [-3.37723141e+00  1.81770742e+01  8.84897150e+00 -6.48402526e-01
         9.47096729e-01  3.16232856e+02]
       [ 2.21489228e-01 -1.33706550e+00 -6.48402526e-01  5.32762745e-02
         2.69002835e-02 -2.24408846e+01]
       [-7.95348529e-01  1.85940877e+00  9.47096729e-01  2.69002835e-02
         1.70992246e+00  4.60544496e+01]
       [-1.23984080e+02  6.48935062e+02  3.16232856e+02 -2.24408846e+01
         4.60544496e+01  1.13937691e+04]]
2025-11-05 09:33:46,322 - pypfilt - INFO -   09:33:46  Forecasting from 14.0 to 21.0
2025-11-05 09:33:50,563 - pypfilt - INFO -   09:33:50  Forecasting from 14.0 to 21.0
2025-11-05 09:33:52,438 - pypfilt - INFO -   09:33:52  Forecasting from 14.0 to 21.0
2025-11-05 09:33:54,248 - pypfilt - INFO -   09:33:54  Forecasting from 14.0 to 21.0
2025-11-05 09:34:04,301 - pypfilt.resample - WARNING - Post-RPF Cholesky decomposition: Matrix is not positive definite
2025-11-05 09:34:04,301 - pypfilt.resample - WARNING - Post-RPF parameters: lnV0, beta, phi, rho, delta, pi
2025-11-05 09:34:04,301 - pypfilt.resample - WARNING - Minimum values: [  3.93709485   8.84486124  13.35004583   0.80912214   6.74523131
 400.2984832 ]
2025-11-05 09:34:04,302 - pypfilt.resample - WARNING - Maximum values: [  4.64991137  12.90111149  14.19060571   1.13914526   9.06424777
 534.22285714]
2025-11-05 09:34:04,302 - pypfilt.resample - WARNING - Mean values:    [  4.31653299  11.04680977  13.73651494   0.98164327   7.98253417
 465.21429763]
2025-11-05 09:34:04,302 - pypfilt.resample - WARNING - Covariance matrix:
      [[ 1.71344630e-02 -1.58321821e-01 -4.29900476e-02  8.56328521e-03
        -8.62175044e-02  4.49061741e+00]
       [-1.58321821e-01  1.53405852e+00  4.54846835e-01 -7.98634309e-02
         8.32315354e-01 -4.29808679e+01]
       [-4.29900476e-02  4.54846835e-01  1.54511179e-01 -2.20834102e-02
         2.45195816e-01 -1.24713504e+01]
       [ 8.56328521e-03 -7.98634309e-02 -2.20834102e-02  4.28734345e-03
        -4.34592533e-02  2.25972191e+00]
       [-8.62175044e-02  8.32315354e-01  2.45195816e-01 -4.34592533e-02
         4.51706983e-01 -2.33415770e+01]
       [ 4.49061741e+00 -4.29808679e+01 -1.24713504e+01  2.25972191e+00
        -2.33415770e+01  1.20800443e+03]]
2025-11-05 09:34:08,048 - pypfilt - INFO -   09:34:08  Forecasting from 14.0 to 21.0
2025-11-05 09:34:09,938 - __main__ - ERROR - Sample 4: Failed with error: only integer scalar arrays can be converted to a scalar index
2025-11-05 09:34:13,189 - __main__ - ERROR - Sample 1: Failed with error: only integer scalar arrays can be converted to a scalar index
2025-11-05 09:34:15,023 - __main__ - ERROR - Sample 0: Failed with error: only integer scalar arrays can be converted to a scalar index
2025-11-05 09:34:16,954 - __main__ - ERROR - Sample 2: Failed with error: only integer scalar arrays can be converted to a scalar index
2025-11-05 09:34:30,711 - __main__ - ERROR - Sample 3: Failed with error: only integer scalar arrays can be converted to a scalar index
2025-11-05 09:34:30,728 - __main__ - WARNING - 5/5 samples failed
2025-11-05 09:34:30,728 - __main__ - INFO - Saving results to results/posterior_predictive/20251105_093139/443108
2025-11-05 09:34:30,956 - src.posterior_predictive - WARNING - No valid filter trajectories to save
2025-11-05 09:34:30,956 - src.posterior_predictive - INFO - Results saved to results/posterior_predictive/20251105_093139/443108
2025-11-05 09:34:30,956 - __main__ - INFO - Patient 443108 completed in 88.4s (17.68s per sample)
2025-11-05 09:34:30,987 - __main__ - INFO - 
============================================================
2025-11-05 09:34:30,987 - __main__ - INFO - Processing patient: 444332
2025-11-05 09:34:30,987 - __main__ - INFO - ============================================================
2025-11-05 09:34:30,987 - __main__ - INFO - Loading posterior and sampling 5 parameter sets
2025-11-05 09:34:30,988 - src.posterior_predictive - INFO - Loading posterior from results/npe/20250103_existing_primary/models/posterior_N10000.pkl
2025-11-05 09:34:31,000 - src.posterior_predictive - INFO - Sampling 5 parameter sets from posterior
2025-11-05 09:34:31,007 - __main__ - INFO - Observation horizon: T=14.0 days
2025-11-05 09:34:31,007 - __main__ - INFO - Prediction horizon: H=14 days beyond observations
2025-11-05 09:34:31,008 - __main__ - INFO - Processing 5 samples with 5 particles each
2025-11-05 09:34:31,008 - __main__ - INFO - Using parallel processing with 8 workers
2025-11-05 09:34:31,076 - __main__ - INFO - Sample 3: Running particle filter
2025-11-05 09:34:31,076 - __main__ - INFO - Sample 4: Running particle filter
2025-11-05 09:34:31,076 - __main__ - INFO - Sample 2: Running particle filter
2025-11-05 09:34:31,076 - __main__ - INFO - Sample 1: Running particle filter
2025-11-05 09:34:31,077 - __main__ - INFO - Sample 0: Running particle filter
2025-11-05 09:34:31,095 - pypfilt - INFO -   09:34:31  Estimating  from 0.0 to 14.0
2025-11-05 09:34:31,095 - pypfilt - INFO -   09:34:31  Estimating  from 0.0 to 14.0
2025-11-05 09:34:31,095 - pypfilt - INFO -   09:34:31  Estimating  from 0.0 to 14.0
2025-11-05 09:34:31,095 - pypfilt - INFO -   09:34:31  Estimating  from 0.0 to 14.0
2025-11-05 09:34:31,096 - pypfilt - INFO -   09:34:31  Estimating  from 0.0 to 14.0
2025-11-05 09:34:38,908 - pypfilt.resample - WARNING - Post-RPF Cholesky decomposition: Matrix is not positive definite
2025-11-05 09:34:38,910 - pypfilt.resample - WARNING - Post-RPF parameters: lnV0, beta, phi, rho, delta, pi
2025-11-05 09:34:38,910 - pypfilt.resample - WARNING - Minimum values: [9.23212289e-01 3.84025568e+00 2.14905502e+00 1.33740512e-01
 2.65924653e+00 2.51277375e+02]
2025-11-05 09:34:38,910 - pypfilt.resample - WARNING - Maximum values: [  4.62165395  19.23431385  13.50432301   0.81313466  10.57166855
 593.60813745]
2025-11-05 09:34:38,910 - pypfilt.resample - WARNING - Mean values:    [  2.73332941  10.69510573   7.552059     0.49975417   5.90916256
 410.05619091]
2025-11-05 09:34:38,910 - pypfilt.resample - WARNING - Covariance matrix:
      [[ 2.96072766e-01  4.04845148e+00  3.84451034e+00 -1.51532732e-01
         1.88442489e+00 -3.63747622e+01]
       [ 4.04845148e+00  7.18183164e+01  6.74966721e+01 -2.73814212e+00
         3.14925429e+01 -5.57762444e+02]
       [ 3.84451034e+00  6.74966721e+01  6.36640450e+01 -2.57586186e+00
         2.97370976e+01 -5.32463621e+02]
       [-1.51532732e-01 -2.73814212e+00 -2.57586186e+00  1.04681587e-01
        -1.19602920e+00  2.11602879e+01]
       [ 1.88442489e+00  3.14925429e+01  2.97370976e+01 -1.19602920e+00
         1.40440650e+01 -2.54651833e+02]
       [-3.63747622e+01 -5.57762444e+02 -5.32463621e+02  2.11602879e+01
        -2.54651833e+02  4.83182892e+03]]
2025-11-05 09:34:55,028 - pypfilt.resample - WARNING - Post-RPF Cholesky decomposition: Matrix is not positive definite
2025-11-05 09:34:55,029 - pypfilt.resample - WARNING - Post-RPF parameters: lnV0, beta, phi, rho, delta, pi
2025-11-05 09:34:55,029 - pypfilt.resample - WARNING - Minimum values: [7.21553093e-01 3.01062053e-01 2.24827075e+00 1.09598073e-01
 2.73747170e+00 2.70189256e+02]
2025-11-05 09:34:55,030 - pypfilt.resample - WARNING - Maximum values: [  4.85206436  19.71808947  13.96831493   0.99780428   9.13269283
 570.18398964]
2025-11-05 09:34:55,030 - pypfilt.resample - WARNING - Mean values:    [  2.68727238  10.48734261   7.6649614    0.51134292   5.90086415
 419.21101976]
2025-11-05 09:34:55,030 - pypfilt.resample - WARNING - Covariance matrix:
      [[ 5.01190514e+00  1.25198447e+01  6.06218922e+00 -4.22771549e-01
         3.23595380e+00 -2.97316315e+02]
       [ 1.25198447e+01  3.12748691e+01  1.51436169e+01 -1.05607885e+00
         8.08352407e+00 -7.42699050e+02]
       [ 6.06218922e+00  1.51436169e+01  7.33316641e+00 -5.11309584e-01
         3.91425752e+00 -3.59606910e+02]
       [-4.22771549e-01 -1.05607885e+00 -5.11309584e-01  3.56676908e-02
        -2.72946324e-01  2.50810325e+01]
       [ 3.23595380e+00  8.08352407e+00  3.91425752e+00 -2.72946324e-01
         2.08936145e+00 -1.91958873e+02]
       [-2.97316315e+02 -7.42699050e+02 -3.59606910e+02  2.50810325e+01
        -1.91958873e+02  1.76377487e+04]]
2025-11-05 09:34:56,416 - pypfilt.resample - WARNING - Post-RPF Cholesky decomposition: Matrix is not positive definite
2025-11-05 09:34:56,417 - pypfilt.resample - WARNING - Post-RPF parameters: lnV0, beta, phi, rho, delta, pi
2025-11-05 09:34:56,417 - pypfilt.resample - WARNING - Minimum values: [2.46186895e-01 2.54051465e+00 1.86636428e+00 1.46257812e-01
 1.89343442e+00 2.65430277e+02]
2025-11-05 09:34:56,417 - pypfilt.resample - WARNING - Maximum values: [  4.08088209  17.31302921  12.92705913   0.88175062  10.69404176
 574.28927517]
2025-11-05 09:34:56,417 - pypfilt.resample - WARNING - Mean values:    [  2.45698667  10.30281936   7.93806667   0.4742918    6.23933118
 419.3258669 ]
2025-11-05 09:34:56,417 - pypfilt.resample - WARNING - Covariance matrix:
      [[ 2.18425149e+00 -6.06011643e+00  7.84758456e+00  4.94173138e-01
         2.18330092e+00 -6.11163436e+01]
       [-6.06011643e+00  1.68141385e+01 -2.17743979e+01 -1.37059014e+00
        -6.06367498e+00  1.69913408e+02]
       [ 7.84758456e+00 -2.17743979e+01  2.81993523e+01  1.77409876e+00
         7.86209152e+00 -2.20584750e+02]
       [ 4.94173138e-01 -1.37059014e+00  1.77409876e+00  1.12219034e-01
         4.88513597e-01 -1.35218964e+01]
       [ 2.18330092e+00 -6.06367498e+00  7.86209152e+00  4.88513597e-01
         2.25369669e+00 -6.50903068e+01]
       [-6.11163436e+01  1.69913408e+02 -2.20584750e+02 -1.35218964e+01
        -6.50903068e+01  1.93441096e+03]]
2025-11-05 09:34:58,978 - pypfilt.resample - WARNING - Post-RPF Cholesky decomposition: Matrix is not positive definite
2025-11-05 09:34:58,978 - pypfilt.resample - WARNING - Post-RPF parameters: lnV0, beta, phi, rho, delta, pi
2025-11-05 09:34:58,978 - pypfilt.resample - WARNING - Minimum values: [3.70459706e-01 2.65940343e+00 1.41328862e+00 8.73434778e-02
 2.11406430e+00 2.07203829e+02]
2025-11-05 09:34:58,979 - pypfilt.resample - WARNING - Maximum values: [  4.46955581  18.27496478  14.29499657   0.88170573  10.32383303
 556.95017842]
2025-11-05 09:34:58,979 - pypfilt.resample - WARNING - Mean values:    [  2.46456439  10.54272179   7.86267147   0.47776206   6.18430167
 383.3322927 ]
2025-11-05 09:34:58,979 - pypfilt.resample - WARNING - Covariance matrix:
      [[ 8.19319664e-01 -2.83065478e+00  2.17174536e+00  7.13091904e-02
         1.43027011e+00  6.66348998e+01]
       [-2.83065478e+00  9.94735390e+00 -7.48067207e+00 -2.42492386e-01
        -4.98700095e+00 -2.29610940e+02]
       [ 2.17174536e+00 -7.48067207e+00  5.75959780e+00  1.89536208e-01
         3.78506555e+00  1.76708553e+02]
       [ 7.13091904e-02 -2.42492386e-01  1.89536208e-01  6.29580468e-03
         1.23430522e-01  5.81353684e+00]
       [ 1.43027011e+00 -4.98700095e+00  3.78506555e+00  1.23430522e-01
         2.50918159e+00  1.16158648e+02]
       [ 6.66348998e+01 -2.29610940e+02  1.76708553e+02  5.81353684e+00
         1.16158648e+02  5.42158687e+03]]
2025-11-05 09:35:04,054 - pypfilt.resample - WARNING - Post-RPF Cholesky decomposition: Matrix is not positive definite
2025-11-05 09:35:04,054 - pypfilt.resample - WARNING - Post-RPF parameters: lnV0, beta, phi, rho, delta, pi
2025-11-05 09:35:04,054 - pypfilt.resample - WARNING - Minimum values: [6.72318902e-02 3.15891590e+00 2.49790332e+00 7.00802654e-02
 1.11168723e+00 2.20653315e+02]
2025-11-05 09:35:04,054 - pypfilt.resample - WARNING - Maximum values: [  4.25095322  16.26779116  12.47232573   0.86292134  10.20706639
 533.59201554]
2025-11-05 09:35:04,054 - pypfilt.resample - WARNING - Mean values:    [  2.29680684   9.61654513   7.32157576   0.49866606   5.97881632
 384.45919648]
2025-11-05 09:35:04,054 - pypfilt.resample - WARNING - Covariance matrix:
      [[ 1.57446927e+00 -9.67829573e+00  8.26780008e+00 -2.03182338e-01
         2.78322493e+00 -7.67530073e+01]
       [-9.67829573e+00  5.94927421e+01 -5.08223781e+01  1.24896955e+00
        -1.71085273e+01  4.71803614e+02]
       [ 8.26780008e+00 -5.08223781e+01  4.34156189e+01 -1.06694660e+00
         1.46151670e+01 -4.03043669e+02]
       [-2.03182338e-01  1.24896955e+00 -1.06694660e+00  2.62205209e-02
        -3.59169075e-01  9.90491291e+00]
       [ 2.78322493e+00 -1.71085273e+01  1.46151670e+01 -3.59169075e-01
         4.91997368e+00 -1.35677682e+02]
       [-7.67530073e+01  4.71803614e+02 -4.03043669e+02  9.90491291e+00
        -1.35677682e+02  3.74162287e+03]]
2025-11-05 09:35:22,578 - pypfilt - INFO -   09:35:22  Forecasting from 14.0 to 21.0
2025-11-05 09:35:24,241 - pypfilt - INFO -   09:35:24  Forecasting from 14.0 to 21.0
2025-11-05 09:35:25,359 - pypfilt - INFO -   09:35:25  Forecasting from 14.0 to 21.0
2025-11-05 09:35:27,712 - pypfilt - INFO -   09:35:27  Forecasting from 14.0 to 21.0
2025-11-05 09:35:34,423 - pypfilt - INFO -   09:35:34  Forecasting from 14.0 to 21.0
2025-11-05 09:35:44,882 - __main__ - ERROR - Sample 2: Failed with error: only integer scalar arrays can be converted to a scalar index
2025-11-05 09:35:46,509 - __main__ - ERROR - Sample 0: Failed with error: only integer scalar arrays can be converted to a scalar index
2025-11-05 09:35:47,752 - __main__ - ERROR - Sample 3: Failed with error: only integer scalar arrays can be converted to a scalar index
2025-11-05 09:35:54,154 - __main__ - ERROR - Sample 1: Failed with error: only integer scalar arrays can be converted to a scalar index
2025-11-05 09:35:56,744 - __main__ - ERROR - Sample 4: Failed with error: only integer scalar arrays can be converted to a scalar index
2025-11-05 09:35:56,762 - __main__ - WARNING - 5/5 samples failed
2025-11-05 09:35:56,762 - __main__ - INFO - Saving results to results/posterior_predictive/20251105_093139/444332
2025-11-05 09:35:56,961 - src.posterior_predictive - WARNING - No valid filter trajectories to save
2025-11-05 09:35:56,961 - src.posterior_predictive - INFO - Results saved to results/posterior_predictive/20251105_093139/444332
2025-11-05 09:35:56,962 - __main__ - INFO - Patient 444332 completed in 86.0s (17.19s per sample)
2025-11-05 09:35:57,010 - __main__ - INFO - 
============================================================
2025-11-05 09:35:57,010 - __main__ - INFO - Processing patient: 444391
2025-11-05 09:35:57,010 - __main__ - INFO - ============================================================
2025-11-05 09:35:57,010 - __main__ - INFO - Loading posterior and sampling 5 parameter sets
2025-11-05 09:35:57,011 - src.posterior_predictive - INFO - Loading posterior from results/npe/20250103_existing_primary/models/posterior_N10000.pkl
2025-11-05 09:35:57,024 - src.posterior_predictive - INFO - Sampling 5 parameter sets from posterior
2025-11-05 09:35:57,030 - __main__ - INFO - Observation horizon: T=14.0 days
2025-11-05 09:35:57,030 - __main__ - INFO - Prediction horizon: H=14 days beyond observations
2025-11-05 09:35:57,031 - __main__ - INFO - Processing 5 samples with 5 particles each
2025-11-05 09:35:57,031 - __main__ - INFO - Using parallel processing with 8 workers
2025-11-05 09:35:57,099 - __main__ - INFO - Sample 2: Running particle filter
2025-11-05 09:35:57,099 - __main__ - INFO - Sample 1: Running particle filter
2025-11-05 09:35:57,099 - __main__ - INFO - Sample 4: Running particle filter
2025-11-05 09:35:57,099 - __main__ - INFO - Sample 3: Running particle filter
2025-11-05 09:35:57,100 - __main__ - INFO - Sample 0: Running particle filter
2025-11-05 09:35:57,118 - pypfilt - INFO -   09:35:57  Estimating  from 0.0 to 14.0
2025-11-05 09:35:57,119 - pypfilt - INFO -   09:35:57  Estimating  from 0.0 to 14.0
2025-11-05 09:35:57,119 - pypfilt - INFO -   09:35:57  Estimating  from 0.0 to 14.0
2025-11-05 09:35:57,119 - pypfilt - INFO -   09:35:57  Estimating  from 0.0 to 14.0
2025-11-05 09:35:57,120 - pypfilt - INFO -   09:35:57  Estimating  from 0.0 to 14.0
2025-11-05 09:36:01,561 - pypfilt.resample - WARNING - Post-RPF Cholesky decomposition: Matrix is not positive definite
2025-11-05 09:36:01,563 - pypfilt.resample - WARNING - Post-RPF parameters: lnV0, beta, phi, rho, delta, pi
2025-11-05 09:36:01,563 - pypfilt.resample - WARNING - Minimum values: [6.72318902e-02 3.15891590e+00 2.49790332e+00 7.00802654e-02
 1.11168723e+00 2.20653315e+02]
2025-11-05 09:36:01,563 - pypfilt.resample - WARNING - Maximum values: [  4.25095322  16.26779116  12.47232573   0.86292134  10.20706639
 533.59201554]
2025-11-05 09:36:01,563 - pypfilt.resample - WARNING - Mean values:    [  2.29680684   9.61654513   7.32157576   0.49866606   5.97881632
 384.45919648]
2025-11-05 09:36:01,563 - pypfilt.resample - WARNING - Covariance matrix:
      [[ 6.15076806e-01 -4.43863112e+00  3.54936861e+00 -2.36704032e-01
        -6.95279116e-01 -9.00818710e+01]
       [-4.43863112e+00  7.42877264e+01 -5.65817798e+01  4.36171807e+00
         9.65829784e+00  1.72712042e+03]
       [ 3.54936861e+00 -5.65817798e+01  4.32193233e+01 -3.29478305e+00
        -7.12036637e+00 -1.30416243e+03]
       [-2.36704032e-01  4.36171807e+00 -3.29478305e+00  2.64945539e-01
         6.82503728e-01  1.04733973e+02]
       [-6.95279116e-01  9.65829784e+00 -7.12036637e+00  6.82503728e-01
         3.47478589e+00  2.60704629e+02]
       [-9.00818710e+01  1.72712042e+03 -1.30416243e+03  1.04733973e+02
         2.60704629e+02  4.14805889e+04]]
2025-11-05 09:36:06,317 - pypfilt.resample - WARNING - Post-RPF Cholesky decomposition: Matrix is not positive definite
2025-11-05 09:36:06,317 - pypfilt.resample - WARNING - Post-RPF parameters: lnV0, beta, phi, rho, delta, pi
2025-11-05 09:36:06,318 - pypfilt.resample - WARNING - Minimum values: [7.21553093e-01 3.01062053e-01 2.24827075e+00 1.09598073e-01
 2.73747170e+00 2.70189256e+02]
2025-11-05 09:36:06,318 - pypfilt.resample - WARNING - Maximum values: [  4.85206436  19.71808947  13.96831493   0.99780428   9.13269283
 570.18398964]
2025-11-05 09:36:06,318 - pypfilt.resample - WARNING - Mean values:    [  2.68727238  10.48734261   7.6649614    0.51134292   5.90086415
 419.21101976]
2025-11-05 09:36:06,318 - pypfilt.resample - WARNING - Covariance matrix:
      [[ 4.28118011e+00  1.40093670e+01  1.15802817e+01 -2.60910077e-02
         3.11830959e+00 -1.32196187e+02]
       [ 1.40093670e+01  7.86427535e+01  4.30234162e+01 -1.24822348e+00
         1.43060780e+01 -8.46828334e+02]
       [ 1.15802817e+01  4.30234162e+01  3.70022569e+01 -4.16225905e-02
         7.42841589e+00 -2.87933588e+02]
       [-2.60910077e-02 -1.24822348e+00 -4.16225905e-02  6.39906029e-02
        -1.04442851e-01  2.14010371e+01]
       [ 3.11830959e+00  1.43060780e+01  7.42841589e+00 -1.04442851e-01
         4.61725755e+00 -1.92561884e+02]
       [-1.32196187e+02 -8.46828334e+02 -2.87933588e+02  2.14010371e+01
        -1.92561884e+02  1.30199905e+04]]
2025-11-05 09:36:21,196 - pypfilt.resample - WARNING - Post-RPF Cholesky decomposition: Matrix is not positive definite
2025-11-05 09:36:21,198 - pypfilt.resample - WARNING - Post-RPF parameters: lnV0, beta, phi, rho, delta, pi
2025-11-05 09:36:21,198 - pypfilt.resample - WARNING - Minimum values: [3.70459706e-01 2.65940343e+00 1.41328862e+00 8.73434778e-02
 2.11406430e+00 2.07203829e+02]
2025-11-05 09:36:21,198 - pypfilt.resample - WARNING - Maximum values: [  4.46955581  18.27496478  14.29499657   0.88170573  10.32383303
 556.95017842]
2025-11-05 09:36:21,198 - pypfilt.resample - WARNING - Mean values:    [  2.46456439  10.54272179   7.86267147   0.47776206   6.18430167
 383.3322927 ]
2025-11-05 09:36:21,198 - pypfilt.resample - WARNING - Covariance matrix:
      [[ 8.19308102e-01 -2.84134053e+00  2.17028181e+00  7.10607612e-02
         1.43316293e+00  6.65953927e+01]
       [-2.84134053e+00  9.85369971e+00 -7.52648443e+00 -2.46436988e-01
        -4.97017410e+00 -2.30951199e+02]
       [ 2.17028181e+00 -7.52648443e+00  5.74890342e+00  1.88234289e-01
         3.79633428e+00  1.76405883e+02]
       [ 7.10607612e-02 -2.46436988e-01  1.88234289e-01  6.16328799e-03
         1.24302016e-01  5.77599475e+00]
       [ 1.43316293e+00 -4.97017410e+00  3.79633428e+00  1.24302016e-01
         2.50693966e+00  1.16491034e+02]
       [ 6.65953927e+01 -2.30951199e+02  1.76405883e+02  5.77599475e+00
         1.16491034e+02  5.41303853e+03]]
2025-11-05 09:36:36,148 - pypfilt.resample - WARNING - Post-RPF Cholesky decomposition: Matrix is not positive definite
2025-11-05 09:36:36,149 - pypfilt.resample - WARNING - Post-RPF parameters: lnV0, beta, phi, rho, delta, pi
2025-11-05 09:36:36,150 - pypfilt.resample - WARNING - Minimum values: [  3.18947136  13.8356631   10.90415496   0.77068061   4.32862708
 452.90174232]
2025-11-05 09:36:36,150 - pypfilt.resample - WARNING - Maximum values: [  4.46955581  18.27496478  14.29499657   0.88170573   6.56779642
 556.95017842]
2025-11-05 09:36:36,150 - pypfilt.resample - WARNING - Mean values:    [  3.44548825  17.38710445  11.58232328   0.79288564   4.77646095
 473.71142954]
2025-11-05 09:36:36,150 - pypfilt.resample - WARNING - Covariance matrix:
      [[ 6.74115413e-04 -2.33781582e-03  1.78567796e-03  5.84678148e-05
         1.17918670e-03  5.47937711e-02]
       [-2.33781582e-03  8.10748830e-03 -6.19268765e-03 -2.02764957e-04
        -4.08939074e-03 -1.90023463e-01]
       [ 1.78567796e-03 -6.19268765e-03  4.73011849e-03  1.54876578e-04
         3.12357152e-03  1.45144329e-01]
       [ 5.84678148e-05 -2.02764957e-04  1.54876578e-04  5.07106839e-06
         1.02273985e-04  4.75240886e-03]
       [ 1.17918670e-03 -4.08939074e-03  3.12357152e-03  1.02273985e-04
         2.06267540e-03  9.58472170e-02]
       [ 5.47937711e-02 -1.90023463e-01  1.45144329e-01  4.75240886e-03
         9.58472170e-02  4.45377349e+00]]
2025-11-05 09:36:40,685 - pypfilt.resample - WARNING - Post-RPF Cholesky decomposition: Matrix is not positive definite
2025-11-05 09:36:40,687 - pypfilt.resample - WARNING - Post-RPF parameters: lnV0, beta, phi, rho, delta, pi
2025-11-05 09:36:40,687 - pypfilt.resample - WARNING - Minimum values: [2.46186895e-01 2.54051465e+00 1.86636428e+00 1.46257812e-01
 1.89343442e+00 2.65430277e+02]
2025-11-05 09:36:40,687 - pypfilt.resample - WARNING - Maximum values: [  4.08088209  17.31302921  12.92705913   0.88175062  10.69404176
 574.28927517]
2025-11-05 09:36:40,687 - pypfilt.resample - WARNING - Mean values:    [  2.45698667  10.30281936   7.93806667   0.4742918    6.23933118
 419.3258669 ]
2025-11-05 09:36:40,687 - pypfilt.resample - WARNING - Covariance matrix:
      [[ 2.22299766e+00 -5.99775459e+00  7.87651663e+00  4.99648014e-01
         2.27367021e+00 -6.13351971e+01]
       [-5.99775459e+00  1.69365137e+01 -2.17632385e+01 -1.35374907e+00
        -6.02281285e+00  1.75704370e+02]
       [ 7.87651663e+00 -2.17632385e+01  2.82556076e+01  1.77420296e+00
         7.98026394e+00 -2.24259467e+02]
       [ 4.99648014e-01 -1.35374907e+00  1.77420296e+00  1.12345167e-01
         5.10197293e-01 -1.38627748e+01]
       [ 2.27367021e+00 -6.02281285e+00  7.98026394e+00  5.10197293e-01
         2.34202697e+00 -6.12205578e+01]
       [-6.13351971e+01  1.75704370e+02 -2.24259467e+02 -1.38627748e+01
        -6.12205578e+01  1.83076053e+03]]
2025-11-05 09:36:41,144 - pypfilt - INFO -   09:36:41  Forecasting from 14.0 to 21.0
2025-11-05 09:36:45,000 - pypfilt - INFO -   09:36:45  Forecasting from 14.0 to 21.0
2025-11-05 09:36:52,241 - pypfilt - INFO -   09:36:52  Forecasting from 14.0 to 21.0
2025-11-05 09:37:03,467 - __main__ - ERROR - Sample 4: Failed with error: only integer scalar arrays can be converted to a scalar index
2025-11-05 09:37:04,753 - pypfilt.resample - WARNING - Post-RPF Cholesky decomposition: Matrix is not positive definite
2025-11-05 09:37:04,754 - pypfilt.resample - WARNING - Post-RPF parameters: lnV0, beta, phi, rho, delta, pi
2025-11-05 09:37:04,754 - pypfilt.resample - WARNING - Minimum values: [8.01798877e-01 1.82679555e+01 7.65791610e+00 4.58921144e-03
 1.49775226e+00 4.97654284e+02]
2025-11-05 09:37:04,754 - pypfilt.resample - WARNING - Maximum values: [2.56804176e+00 2.13229079e+01 1.11359055e+01 1.90750843e-01
 5.67048990e+00 7.08391824e+02]
2025-11-05 09:37:04,754 - pypfilt.resample - WARNING - Mean values:    [1.43770584e+00 1.94619200e+01 9.13396944e+00 1.18273530e-01
 3.19372991e+00 6.26796528e+02]
2025-11-05 09:37:04,754 - pypfilt.resample - WARNING - Covariance matrix:
      [[ 9.27816687e-02  8.73034238e-02  2.46481366e-01 -4.45857224e-03
         1.74015521e-01 -9.78740459e+00]
       [ 8.73034238e-02  1.00103393e-01  2.43211856e-01 -5.24397577e-03
         1.60182424e-01 -9.10520102e+00]
       [ 2.46481366e-01  2.43211856e-01  6.61887438e-01 -1.25035668e-02
         4.60048765e-01 -2.59354087e+01]
       [-4.45857224e-03 -5.24397577e-03 -1.25035668e-02  2.75501685e-04
        -8.15438766e-03  4.64235996e-01]
       [ 1.74015521e-01  1.60182424e-01  4.60048765e-01 -8.15438766e-03
         3.27077924e-01 -1.83773201e+01]
       [-9.78740459e+00 -9.10520102e+00 -2.59354087e+01  4.64235996e-01
        -1.83773201e+01  1.03306523e+03]]
2025-11-05 09:37:04,960 - pypfilt - INFO -   09:37:04  Forecasting from 14.0 to 21.0
2025-11-05 09:37:07,358 - __main__ - ERROR - Sample 1: Failed with error: only integer scalar arrays can be converted to a scalar index
2025-11-05 09:37:14,386 - __main__ - ERROR - Sample 0: Failed with error: only integer scalar arrays can be converted to a scalar index
2025-11-05 09:37:17,245 - pypfilt - INFO -   09:37:17  Forecasting from 14.0 to 21.0
2025-11-05 09:37:27,444 - __main__ - ERROR - Sample 3: Failed with error: only integer scalar arrays can be converted to a scalar index
2025-11-05 09:37:40,036 - __main__ - ERROR - Sample 2: Failed with error: only integer scalar arrays can be converted to a scalar index
2025-11-05 09:37:40,060 - __main__ - WARNING - 5/5 samples failed
2025-11-05 09:37:40,060 - __main__ - INFO - Saving results to results/posterior_predictive/20251105_093139/444391
2025-11-05 09:37:40,180 - src.posterior_predictive - WARNING - No valid filter trajectories to save
2025-11-05 09:37:40,180 - src.posterior_predictive - INFO - Results saved to results/posterior_predictive/20251105_093139/444391
2025-11-05 09:37:40,180 - __main__ - INFO - Patient 444391 completed in 103.2s (20.63s per sample)
2025-11-05 09:37:40,228 - __main__ - INFO - 
============================================================
2025-11-05 09:37:40,228 - __main__ - INFO - Processing patient: 445602
2025-11-05 09:37:40,228 - __main__ - INFO - ============================================================
2025-11-05 09:37:40,228 - __main__ - INFO - Loading posterior and sampling 5 parameter sets
2025-11-05 09:37:40,229 - src.posterior_predictive - INFO - Loading posterior from results/npe/20250103_existing_primary/models/posterior_N10000.pkl
2025-11-05 09:37:40,241 - src.posterior_predictive - INFO - Sampling 5 parameter sets from posterior
2025-11-05 09:37:40,248 - __main__ - INFO - Observation horizon: T=14.0 days
2025-11-05 09:37:40,248 - __main__ - INFO - Prediction horizon: H=14 days beyond observations
2025-11-05 09:37:40,249 - __main__ - INFO - Processing 5 samples with 5 particles each
2025-11-05 09:37:40,249 - __main__ - INFO - Using parallel processing with 8 workers
2025-11-05 09:37:40,316 - __main__ - INFO - Sample 2: Running particle filter
2025-11-05 09:37:40,316 - __main__ - INFO - Sample 3: Running particle filter
2025-11-05 09:37:40,316 - __main__ - INFO - Sample 4: Running particle filter
2025-11-05 09:37:40,316 - __main__ - INFO - Sample 1: Running particle filter
2025-11-05 09:37:40,317 - __main__ - INFO - Sample 0: Running particle filter
2025-11-05 09:37:40,334 - pypfilt - INFO -   09:37:40  Estimating  from 0.0 to 14.0
2025-11-05 09:37:40,335 - pypfilt - INFO -   09:37:40  Estimating  from 0.0 to 14.0
2025-11-05 09:37:40,335 - pypfilt - INFO -   09:37:40  Estimating  from 0.0 to 14.0
2025-11-05 09:37:40,335 - pypfilt - INFO -   09:37:40  Estimating  from 0.0 to 14.0
2025-11-05 09:37:40,335 - pypfilt - INFO -   09:37:40  Estimating  from 0.0 to 14.0
